Component: ARM Compiler 5.06 update 4 (build 422) Tool: armlink [4d35d2]

==============================================================================

Section Cross References

    main.o(i.SystemClock_Config) refers to stm32l4xx_hal_rcc.o(i.HAL_RCC_OscConfig) for HAL_RCC_OscConfig
    main.o(i.SystemClock_Config) refers to stm32l4xx_hal_rcc.o(i.HAL_RCC_ClockConfig) for HAL_RCC_ClockConfig
    main.o(i.main) refers to stm32l4xx_hal.o(i.HAL_Init) for HAL_Init
    main.o(i.main) refers to main.o(i.SystemClock_Config) for SystemClock_Config
    main.o(i.main) refers to usart.o(i.usart1_init) for usart1_init
    main.o(i.main) refers to osal.o(i.osal_init_system) for osal_init_system
    main.o(i.main) refers to osal.o(i.osal_start_system) for osal_start_system
    stm32l4xx_it.o(i.SysTick_Handler) refers to stm32l4xx_hal.o(i.HAL_IncTick) for HAL_IncTick
    system_stm32l4xx.o(i.SystemCoreClockUpdate) refers to system_stm32l4xx.o(.constdata) for MSIRangeTable
    system_stm32l4xx.o(i.SystemCoreClockUpdate) refers to system_stm32l4xx.o(.data) for SystemCoreClock
    startup_stm32l431xx.o(STACK) refers (Special) to heapauxi.o(.text) for __use_two_region_memory
    startup_stm32l431xx.o(HEAP) refers (Special) to heapauxi.o(.text) for __use_two_region_memory
    startup_stm32l431xx.o(RESET) refers (Special) to heapauxi.o(.text) for __use_two_region_memory
    startup_stm32l431xx.o(RESET) refers to startup_stm32l431xx.o(STACK) for __initial_sp
    startup_stm32l431xx.o(RESET) refers to startup_stm32l431xx.o(.text) for Reset_Handler
    startup_stm32l431xx.o(RESET) refers to stm32l4xx_it.o(i.NMI_Handler) for NMI_Handler
    startup_stm32l431xx.o(RESET) refers to stm32l4xx_it.o(i.HardFault_Handler) for HardFault_Handler
    startup_stm32l431xx.o(RESET) refers to stm32l4xx_it.o(i.MemManage_Handler) for MemManage_Handler
    startup_stm32l431xx.o(RESET) refers to stm32l4xx_it.o(i.BusFault_Handler) for BusFault_Handler
    startup_stm32l431xx.o(RESET) refers to stm32l4xx_it.o(i.UsageFault_Handler) for UsageFault_Handler
    startup_stm32l431xx.o(RESET) refers to stm32l4xx_it.o(i.SVC_Handler) for SVC_Handler
    startup_stm32l431xx.o(RESET) refers to stm32l4xx_it.o(i.DebugMon_Handler) for DebugMon_Handler
    startup_stm32l431xx.o(RESET) refers to stm32l4xx_it.o(i.PendSV_Handler) for PendSV_Handler
    startup_stm32l431xx.o(RESET) refers to stm32l4xx_it.o(i.SysTick_Handler) for SysTick_Handler
    startup_stm32l431xx.o(RESET) refers to stm32l4xx_hal_timebase_tim_template.o(i.TIM6_DAC_IRQHandler) for TIM6_DAC_IRQHandler
    startup_stm32l431xx.o(.text) refers (Special) to heapauxi.o(.text) for __use_two_region_memory
    startup_stm32l431xx.o(.text) refers to system_stm32l4xx.o(i.SystemInit) for SystemInit
    startup_stm32l431xx.o(.text) refers to __main.o(!!!main) for __main
    startup_stm32l431xx.o(.text) refers to startup_stm32l431xx.o(HEAP) for Heap_Mem
    startup_stm32l431xx.o(.text) refers to startup_stm32l431xx.o(STACK) for Stack_Mem
    stm32l4xx_hal.o(i.HAL_DeInit) refers to stm32l4xx_hal_msp.o(i.HAL_MspDeInit) for HAL_MspDeInit
    stm32l4xx_hal.o(i.HAL_Delay) refers to stm32l4xx_hal.o(i.HAL_GetTick) for HAL_GetTick
    stm32l4xx_hal.o(i.HAL_GetTick) refers to stm32l4xx_hal.o(.data) for uwTick
    stm32l4xx_hal.o(i.HAL_IncTick) refers to stm32l4xx_hal.o(.data) for uwTick
    stm32l4xx_hal.o(i.HAL_Init) refers to stm32l4xx_hal_cortex.o(i.HAL_NVIC_SetPriorityGrouping) for HAL_NVIC_SetPriorityGrouping
    stm32l4xx_hal.o(i.HAL_Init) refers to stm32l4xx_hal_timebase_tim_template.o(i.HAL_InitTick) for HAL_InitTick
    stm32l4xx_hal.o(i.HAL_Init) refers to stm32l4xx_hal_msp.o(i.HAL_MspInit) for HAL_MspInit
    stm32l4xx_hal.o(i.HAL_InitTick) refers to stm32l4xx_hal_cortex.o(i.HAL_SYSTICK_Config) for HAL_SYSTICK_Config
    stm32l4xx_hal.o(i.HAL_InitTick) refers to stm32l4xx_hal_cortex.o(i.HAL_NVIC_SetPriority) for HAL_NVIC_SetPriority
    stm32l4xx_hal.o(i.HAL_InitTick) refers to system_stm32l4xx.o(.data) for SystemCoreClock
    stm32l4xx_hal.o(i.HAL_SYSCFG_EnableVREFBUF) refers to stm32l4xx_hal.o(i.HAL_GetTick) for HAL_GetTick
    stm32l4xx_hal_adc.o(i.ADC_ConversionStop) refers to stm32l4xx_hal_adc.o(i.LL_ADC_REG_IsConversionOngoing) for LL_ADC_REG_IsConversionOngoing
    stm32l4xx_hal_adc.o(i.ADC_ConversionStop) refers to stm32l4xx_hal_adc.o(i.LL_ADC_INJ_IsConversionOngoing) for LL_ADC_INJ_IsConversionOngoing
    stm32l4xx_hal_adc.o(i.ADC_ConversionStop) refers to stm32l4xx_hal_adc.o(i.LL_ADC_IsDisableOngoing) for LL_ADC_IsDisableOngoing
    stm32l4xx_hal_adc.o(i.ADC_ConversionStop) refers to stm32l4xx_hal.o(i.HAL_GetTick) for HAL_GetTick
    stm32l4xx_hal_adc.o(i.ADC_DMAConvCplt) refers to stm32l4xx_hal_adc.o(i.LL_ADC_REG_IsTriggerSourceSWStart) for LL_ADC_REG_IsTriggerSourceSWStart
    stm32l4xx_hal_adc.o(i.ADC_DMAConvCplt) refers to stm32l4xx_hal_adc.o(i.HAL_ADC_ConvCpltCallback) for HAL_ADC_ConvCpltCallback
[...]
    ..\HALLIB\Src\stm32l4xx_hal_hash_ex.c    0x00000000   Number         0  stm32l4xx_hal_hash_ex.o ABSOLUTE
    ..\HALLIB\Src\stm32l4xx_hal_hcd.c        0x00000000   Number         0  stm32l4xx_hal_hcd.o ABSOLUTE
    ..\HALLIB\Src\stm32l4xx_hal_i2c.c        0x00000000   Number         0  stm32l4xx_hal_i2c.o ABSOLUTE
    ..\HALLIB\Src\stm32l4xx_hal_i2c_ex.c     0x00000000   Number         0  stm32l4xx_hal_i2c_ex.o ABSOLUTE
    ..\HALLIB\Src\stm32l4xx_hal_irda.c       0x00000000   Number         0  stm32l4xx_hal_irda.o ABSOLUTE
    ..\HALLIB\Src\stm32l4xx_hal_iwdg.c       0x00000000   Number         0  stm32l4xx_hal_iwdg.o ABSOLUTE
    ..\HALLIB\Src\stm32l4xx_hal_lcd.c        0x00000000   Number         0  stm32l4xx_hal_lcd.o ABSOLUTE
    ..\HALLIB\Src\stm32l4xx_hal_lptim.c      0x00000000   Number         0  stm32l4xx_hal_lptim.o ABSOLUTE
    ..\HALLIB\Src\stm32l4xx_hal_ltdc.c       0x00000000   Number         0  stm32l4xx_hal_ltdc.o ABSOLUTE
    ..\HALLIB\Src\stm32l4xx_hal_ltdc_ex.c    0x00000000   Number         0  stm32l4xx_hal_ltdc_ex.o ABSOLUTE
    ..\HALLIB\Src\stm32l4xx_hal_nand.c       0x00000000   Number         0  stm32l4xx_hal_nand.o ABSOLUTE
    ..\HALLIB\Src\stm32l4xx_hal_nor.c        0x00000000   Number         0  stm32l4xx_hal_nor.o ABSOLUTE
    ..\HALLIB\Src\stm32l4xx_hal_opamp.c      0x00000000   Number         0  stm32l4xx_hal_opamp.o ABSOLUTE
    ..\HALLIB\Src\stm32l4xx_hal_opamp_ex.c   0x00000000   Number         0  stm32l4xx_hal_opamp_ex.o ABSOLUTE
    ..\HALLIB\Src\stm32l4xx_hal_ospi.c       0x00000000   Number         0  stm32l4xx_hal_ospi.o ABSOLUTE
    ..\HALLIB\Src\stm32l4xx_hal_pcd.c        0x00000000   Number         0  stm32l4xx_hal_pcd.o ABSOLUTE
    ..\HALLIB\Src\stm32l4xx_hal_pcd_ex.c     0x00000000   Number         0  stm32l4xx_hal_pcd_ex.o ABSOLUTE
    ..\HALLIB\Src\stm32l4xx_hal_pwr.c        0x00000000   Number         0  stm32l4xx_hal_pwr.o ABSOLUTE
    ..\HALLIB\Src\stm32l4xx_hal_pwr_ex.c     0x00000000   Number         0  stm32l4xx_hal_pwr_ex.o ABSOLUTE
    ..\HALLIB\Src\stm32l4xx_hal_qspi.c       0x00000000   Number         0  stm32l4xx_hal_qspi.o ABSOLUTE
    ..\HALLIB\Src\stm32l4xx_hal_rcc.c        0x00000000   Number         0  stm32l4xx_hal_rcc.o ABSOLUTE
    ..\HALLIB\Src\stm32l4xx_hal_rcc_ex.c     0x00000000   Number         0  stm32l4xx_hal_rcc_ex.o ABSOLUTE
    ..\HALLIB\Src\stm32l4xx_hal_rng.c        0x00000000   Number         0  stm32l4xx_hal_rng.o ABSOLUTE
    ..\HALLIB\Src\stm32l4xx_hal_rtc.c        0x00000000   Number         0  stm32l4xx_hal_rtc.o ABSOLUTE
    ..\HALLIB\Src\stm32l4xx_hal_rtc_ex.c     0x00000000   Number         0  stm32l4xx_hal_rtc_ex.o ABSOLUTE
    ..\HALLIB\Src\stm32l4xx_hal_sai.c        0x00000000   Number         0  stm32l4xx_hal_sai.o ABSOLUTE
    ..\HALLIB\Src\stm32l4xx_hal_sai_ex.c     0x00000000   Number         0  stm32l4xx_hal_sai_ex.o ABSOLUTE
    ..\HALLIB\Src\stm32l4xx_hal_sd.c         0x00000000   Number         0  stm32l4xx_hal_sd.o ABSOLUTE
    ..\HALLIB\Src\stm32l4xx_hal_sd_ex.c      0x00000000   Number         0  stm32l4xx_hal_sd_ex.o ABSOLUTE
    ..\HALLIB\Src\stm32l4xx_hal_smartcard.c  0x00000000   Number         0  stm32l4xx_hal_smartcard.o ABSOLUTE
    ..\HALLIB\Src\stm32l4xx_hal_smartcard_ex.c 0x00000000   Number         0  stm32l4xx_hal_smartcard_ex.o ABSOLUTE
    ..\HALLIB\Src\stm32l4xx_hal_smbus.c      0x00000000   Number         0  stm32l4xx_hal_smbus.o ABSOLUTE
    ..\HALLIB\Src\stm32l4xx_hal_spi.c        0x00000000   Number         0  stm32l4xx_hal_spi.o ABSOLUTE
    ..\HALLIB\Src\stm32l4xx_hal_spi_ex.c     0x00000000   Number         0  stm32l4xx_hal_spi_ex.o ABSOLUTE
    ..\HALLIB\Src\stm32l4xx_hal_sram.c       0x00000000   Number         0  stm32l4xx_hal_sram.o ABSOLUTE
    ..\HALLIB\Src\stm32l4xx_hal_swpmi.c      0x00000000   Number         0  stm32l4xx_hal_swpmi.o ABSOLUTE
    ..\HALLIB\Src\stm32l4xx_hal_tim.c        0x00000000   Number         0  stm32l4xx_hal_tim.o ABSOLUTE
    ..\HALLIB\Src\stm32l4xx_hal_tim_ex.c     0x00000000   Number         0  stm32l4xx_hal_tim_ex.o ABSOLUTE
    ..\HALLIB\Src\stm32l4xx_hal_timebase_tim_template.c 0x00000000   Number         0  stm32l4xx_hal_timebase_tim_template.o ABSOLUTE
    ..\HALLIB\Src\stm32l4xx_hal_tsc.c        0x00000000   Number         0  stm32l4xx_hal_tsc.o ABSOLUTE
    ..\HALLIB\Src\stm32l4xx_hal_uart.c       0x00000000   Number         0  stm32l4xx_hal_uart.o ABSOLUTE
    ..\HALLIB\Src\stm32l4xx_hal_uart_ex.c    0x00000000   Number         0  stm32l4xx_hal_uart_ex.o ABSOLUTE
    ..\HALLIB\Src\stm32l4xx_hal_usart.c      0x00000000   Number         0  stm32l4xx_hal_usart.o ABSOLUTE
    ..\HALLIB\Src\stm32l4xx_hal_usart_ex.c   0x00000000   Number         0  stm32l4xx_hal_usart_ex.o ABSOLUTE
    ..\HALLIB\Src\stm32l4xx_hal_wwdg.c       0x00000000   Number         0  stm32l4xx_hal_wwdg.o ABSOLUTE
    ..\HALLIB\Src\stm32l4xx_ll_adc.c         0x00000000   Number         0  stm32l4xx_ll_adc.o ABSOLUTE
    ..\HALLIB\Src\stm32l4xx_ll_comp.c        0x00000000   Number         0  stm32l4xx_ll_comp.o ABSOLUTE
    ..\HALLIB\Src\stm32l4xx_ll_crc.c         0x00000000   Number         0  stm32l4xx_ll_crc.o ABSOLUTE
    ..\HALLIB\Src\stm32l4xx_ll_crs.c         0x00000000   Number         0  stm32l4xx_ll_crs.o ABSOLUTE
    ..\HALLIB\Src\stm32l4xx_ll_dac.c         0x00000000   Number         0  stm32l4xx_ll_dac.o ABSOLUTE
    ..\HALLIB\Src\stm32l4xx_ll_dma.c         0x00000000   Number         0  stm32l4xx_ll_dma.o ABSOLUTE
    ..\HALLIB\Src\stm32l4xx_ll_dma2d.c       0x00000000   Number         0  stm32l4xx_ll_dma2d.o ABSOLUTE
    ..\HALLIB\Src\stm32l4xx_ll_exti.c        0x00000000   Number         0  stm32l4xx_ll_exti.o ABSOLUTE
    ..\HALLIB\Src\stm32l4xx_ll_fmc.c         0x00000000   Number         0  stm32l4xx_ll_fmc.o ABSOLUTE
    ..\HALLIB\Src\stm32l4xx_ll_gpio.c        0x00000000   Number         0  stm32l4xx_ll_gpio.o ABSOLUTE
    ..\HALLIB\Src\stm32l4xx_ll_i2c.c         0x00000000   Number         0  stm32l4xx_ll_i2c.o ABSOLUTE
    ..\HALLIB\Src\stm32l4xx_ll_lptim.c       0x00000000   Number         0  stm32l4xx_ll_lptim.o ABSOLUTE
    ..\HALLIB\Src\stm32l4xx_ll_lpuart.c      0x00000000   Number         0  stm32l4xx_ll_lpuart.o ABSOLUTE
    ..\HALLIB\Src\stm32l4xx_ll_opamp.c       0x00000000   Number         0  stm32l4xx_ll_opamp.o ABSOLUTE
    ..\HALLIB\Src\stm32l4xx_ll_pwr.c         0x00000000   Number         0  stm32l4xx_ll_pwr.o ABSOLUTE
    ..\HALLIB\Src\stm32l4xx_ll_rcc.c         0x00000000   Number         0  stm32l4xx_ll_rcc.o ABSOLUTE
    ..\HALLIB\Src\stm32l4xx_ll_rng.c         0x00000000   Number         0  stm32l4xx_ll_rng.o ABSOLUTE
    ..\HALLIB\Src\stm32l4xx_ll_rtc.c         0x00000000   Number         0  stm32l4xx_ll_rtc.o ABSOLUTE
    ..\HALLIB\Src\stm32l4xx_ll_sdmmc.c       0x00000000   Number         0  stm32l4xx_ll_sdmmc.o ABSOLUTE
    ..\HALLIB\Src\stm32l4xx_ll_spi.c         0x00000000   Number         0  stm32l4xx_ll_spi.o ABSOLUTE
    ..\HALLIB\Src\stm32l4xx_ll_swpmi.c       0x00000000   Number         0  stm32l4xx_ll_swpmi.o ABSOLUTE
    ..\HALLIB\Src\stm32l4xx_ll_tim.c         0x00000000   Number         0  stm32l4xx_ll_tim.o ABSOLUTE
    ..\HALLIB\Src\stm32l4xx_ll_usart.c       0x00000000   Number         0  stm32l4xx_ll_usart.o ABSOLUTE
    ..\HALLIB\Src\stm32l4xx_ll_usb.c         0x00000000   Number         0  stm32l4xx_ll_usb.o ABSOLUTE
    ..\HALLIB\Src\stm32l4xx_ll_utils.c       0x00000000   Number         0  stm32l4xx_ll_utils.o ABSOLUTE
    ..\\DRIVER\\src\\usart.c                 0x00000000   Number         0  usart.o ABSOLUTE
    ..\\HALLIB\\Src\\stm32l4xx_hal.c         0x00000000   Number         0  stm32l4xx_hal.o ABSOLUTE
    ..\\HALLIB\\Src\\stm32l4xx_hal_adc.c     0x00000000   Number         0  stm32l4xx_hal_adc.o ABSOLUTE
    ..\\HALLIB\\Src\\stm32l4xx_hal_adc_ex.c  0x00000000   Number         0  stm32l4xx_hal_adc_ex.o ABSOLUTE
    ..\\HALLIB\\Src\\stm32l4xx_hal_can.c     0x00000000   Number         0  stm32l4xx_hal_can.o ABSOLUTE
    ..\\HALLIB\\Src\\stm32l4xx_hal_comp.c    0x00000000   Number         0  stm32l4xx_hal_comp.o ABSOLUTE
    ..\\HALLIB\\Src\\stm32l4xx_hal_cortex.c  0x00000000   Number         0  stm32l4xx_hal_cortex.o ABSOLUTE
    ..\\HALLIB\\Src\\stm32l4xx_hal_crc.c     0x00000000   Number         0  stm32l4xx_hal_crc.o ABSOLUTE
    ..\\HALLIB\\Src\\stm32l4xx_hal_crc_ex.c  0x00000000   Number         0  stm32l4xx_hal_crc_ex.o ABSOLUTE
    ..\\HALLIB\\Src\\stm32l4xx_hal_cryp.c    0x00000000   Number         0  stm32l4xx_hal_cryp.o ABSOLUTE
    ..\\HALLIB\\Src\\stm32l4xx_hal_cryp_ex.c 0x00000000   Number         0  stm32l4xx_hal_cryp_ex.o ABSOLUTE
    ..\\HALLIB\\Src\\stm32l4xx_hal_dac.c     0x00000000   Number         0  stm32l4xx_hal_dac.o ABSOLUTE
    ..\\HALLIB\\Src\\stm32l4xx_hal_dac_ex.c  0x00000000   Number         0  stm32l4xx_hal_dac_ex.o ABSOLUTE
    ..\\HALLIB\\Src\\stm32l4xx_hal_dcmi.c    0x00000000   Number         0  stm32l4xx_hal_dcmi.o ABSOLUTE
    ..\\HALLIB\\Src\\stm32l4xx_hal_dfsdm.c   0x00000000   Number         0  stm32l4xx_hal_dfsdm.o ABSOLUTE
    ..\\HALLIB\\Src\\stm32l4xx_hal_dfsdm_ex.c 0x00000000   Number         0  stm32l4xx_hal_dfsdm_ex.o ABSOLUTE
    ..\\HALLIB\\Src\\stm32l4xx_hal_dma.c     0x00000000   Number         0  stm32l4xx_hal_dma.o ABSOLUTE
    ..\\HALLIB\\Src\\stm32l4xx_hal_dma2d.c   0x00000000   Number         0  stm32l4xx_hal_dma2d.o ABSOLUTE
    ..\\HALLIB\\Src\\stm32l4xx_hal_dma_ex.c  0x00000000   Number         0  stm32l4xx_hal_dma_ex.o ABSOLUTE
    ..\\HALLIB\\Src\\stm32l4xx_hal_dsi.c     0x00000000   Number         0  stm32l4xx_hal_dsi.o ABSOLUTE
    ..\\HALLIB\\Src\\stm32l4xx_hal_exti.c    0x00000000   Number         0  stm32l4xx_hal_exti.o ABSOLUTE
    ..\\HALLIB\\Src\\stm32l4xx_hal_firewall.c 0x00000000   Number         0  stm32l4xx_hal_firewall.o ABSOLUTE
    ..\\HALLIB\\Src\\stm32l4xx_hal_flash.c   0x00000000   Number         0  stm32l4xx_hal_flash.o ABSOLUTE
    ..\\HALLIB\\Src\\stm32l4xx_hal_flash_ex.c 0x00000000   Number         0  stm32l4xx_hal_flash_ex.o ABSOLUTE
    ..\\HALLIB\\Src\\stm32l4xx_hal_flash_ramfunc.c 0x00000000   Number         0  stm32l4xx_hal_flash_ramfunc.o ABSOLUTE
    ..\\HALLIB\\Src\\stm32l4xx_hal_gfxmmu.c  0x00000000   Number         0  stm32l4xx_hal_gfxmmu.o ABSOLUTE
    ..\\HALLIB\\Src\\stm32l4xx_hal_gpio.c    0x00000000   Number         0  stm32l4xx_hal_gpio.o ABSOLUTE
    ..\\HALLIB\\Src\\stm32l4xx_hal_hash.c    0x00000000   Number         0  stm32l4xx_hal_hash.o ABSOLUTE
    ..\\HALLIB\\Src\\stm32l4xx_hal_hash_ex.c 0x00000000   Number         0  stm32l4xx_hal_hash_ex.o ABSOLUTE
    ..\\HALLIB\\Src\\stm32l4xx_hal_hcd.c     0x00000000   Number         0  stm32l4xx_hal_hcd.o ABSOLUTE
    ..\\HALLIB\\Src\\stm32l4xx_hal_i2c.c     0x00000000   Number         0  stm32l4xx_hal_i2c.o ABSOLUTE
    ..\\HALLIB\\Src\\stm32l4xx_hal_i2c_ex.c  0x00000000   Number         0  stm32l4xx_hal_i2c_ex.o ABSOLUTE
    ..\\HALLIB\\Src\\stm32l4xx_hal_irda.c    0x00000000   Number         0  stm32l4xx_hal_irda.o ABSOLUTE
    ..\\HALLIB\\Src\\stm32l4xx_hal_iwdg.c    0x00000000   Number         0  stm32l4xx_hal_iwdg.o ABSOLUTE
    ..\\HALLIB\\Src\\stm32l4xx_hal_lcd.c     0x00000000   Number         0  stm32l4xx_hal_lcd.o ABSOLUTE
    ..\\HALLIB\\Src\\stm32l4xx_hal_lptim.c   0x00000000   Number         0  stm32l4xx_hal_lptim.o ABSOLUTE
    ..\\HALLIB\\Src\\stm32l4xx_hal_ltdc.c    0x00000000   Number         0  stm32l4xx_hal_ltdc.o ABSOLUTE
    ..\\HALLIB\\Src\\stm32l4xx_hal_ltdc_ex.c 0x00000000   Number         0  stm32l4xx_hal_ltdc_ex.o ABSOLUTE
    ..\\HALLIB\\Src\\stm32l4xx_hal_nand.c    0x00000000   Number         0  stm32l4xx_hal_nand.o ABSOLUTE
    ..\\HALLIB\\Src\\stm32l4xx_hal_nor.c     0x00000000   Number         0  stm32l4xx_hal_nor.o ABSOLUTE
    ..\\HALLIB\\Src\\stm32l4xx_hal_opamp.c   0x00000000   Number         0  stm32l4xx_hal_opamp.o ABSOLUTE
    ..\\HALLIB\\Src\\stm32l4xx_hal_opamp_ex.c 0x00000000   Number         0  stm32l4xx_hal_opamp_ex.o ABSOLUTE
    ..\\HALLIB\\Src\\stm32l4xx_hal_ospi.c    0x00000000   Number         0  stm32l4xx_hal_ospi.o ABSOLUTE
    ..\\HALLIB\\Src\\stm32l4xx_hal_pcd.c     0x00000000   Number         0  stm32l4xx_hal_pcd.o ABSOLUTE
    ..\\HALLIB\\Src\\stm32l4xx_hal_pcd_ex.c  0x00000000   Number         0  stm32l4xx_hal_pcd_ex.o ABSOLUTE
    ..\\HALLIB\\Src\\stm32l4xx_hal_pwr.c     0x00000000   Number         0  stm32l4xx_hal_pwr.o ABSOLUTE
    ..\\HALLIB\\Src\\stm32l4xx_hal_pwr_ex.c  0x00000000   Number         0  stm32l4xx_hal_pwr_ex.o ABSOLUTE
    ..\\HALLIB\\Src\\stm32l4xx_hal_qspi.c    0x00000000   Number         0  stm32l4xx_hal_qspi.o ABSOLUTE
    ..\\HALLIB\\Src\\stm32l4xx_hal_rcc.c     0x00000000   Number         0  stm32l4xx_hal_rcc.o ABSOLUTE
    ..\\HALLIB\\Src\\stm32l4xx_hal_rcc_ex.c  0x00000000   Number         0  stm32l4xx_hal_rcc_ex.o ABSOLUTE
    ..\\HALLIB\\Src\\stm32l4xx_hal_rng.c     0x00000000   Number         0  stm32l4xx_hal_rng.o ABSOLUTE
    ..\\HALLIB\\Src\\stm32l4xx_hal_rtc.c     0x00000000   Number         0  stm32l4xx_hal_rtc.o ABSOLUTE
    ..\\HALLIB\\Src\\stm32l4xx_hal_rtc_ex.c  0x00000000   Number         0  stm32l4xx_hal_rtc_ex.o ABSOLUTE
    ..\\HALLIB\\Src\\stm32l4xx_hal_sai.c     0x00000000   Number         0  stm32l4xx_hal_sai.o ABSOLUTE
    ..\\HALLIB\\Src\\stm32l4xx_hal_sai_ex.c  0x00000000   Number         0  stm32l4xx_hal_sai_ex.o ABSOLUTE
    ..\\HALLIB\\Src\\stm32l4xx_hal_sd.c      0x00000000   Number         0  stm32l4xx_hal_sd.o ABSOLUTE
    ..\\HALLIB\\Src\\stm32l4xx_hal_sd_ex.c   0x00000000   Number         0  stm32l4xx_hal_sd_ex.o ABSOLUTE
    ..\\HALLIB\\Src\\stm32l4xx_hal_smartcard.c 0x00000000   Number         0  stm32l4xx_hal_smartcard.o ABSOLUTE
    ..\\HALLIB\\Src\\stm32l4xx_hal_smartcard_ex.c 0x00000000   Number         0  stm32l4xx_hal_smartcard_ex.o ABSOLUTE
    ..\\HALLIB\\Src\\stm32l4xx_hal_smbus.c   0x00000000   Number         0  stm32l4xx_hal_smbus.o ABSOLUTE
    ..\\HALLIB\\Src\\stm32l4xx_hal_spi.c     0x00000000   Number         0  stm32l4xx_hal_spi.o ABSOLUTE
    ..\\HALLIB\\Src\\stm32l4xx_hal_spi_ex.c  0x00000000   Number         0  stm32l4xx_hal_spi_ex.o ABSOLUTE
    ..\\HALLIB\\Src\\stm32l4xx_hal_sram.c    0x00000000   Number         0  stm32l4xx_hal_sram.o ABSOLUTE
    ..\\HALLIB\\Src\\stm32l4xx_hal_swpmi.c   0x00000000   Number         0  stm32l4xx_hal_swpmi.o ABSOLUTE
    ..\\HALLIB\\Src\\stm32l4xx_hal_tim.c     0x00000000   Number         0  stm32l4xx_hal_tim.o ABSOLUTE
    ..\\HALLIB\\Src\\stm32l4xx_hal_tim_ex.c  0x00000000   Number         0  stm32l4xx_hal_tim_ex.o ABSOLUTE
    ..\\HALLIB\\Src\\stm32l4xx_hal_timebase_tim_template.c 0x00000000   Number         0  stm32l4xx_hal_timebase_tim_template.o ABSOLUTE
    ..\\HALLIB\\Src\\stm32l4xx_hal_tsc.c     0x00000000   Number         0  stm32l4xx_hal_tsc.o ABSOLUTE
    ..\\HALLIB\\Src\\stm32l4xx_hal_uart.c    0x00000000   Number         0  stm32l4xx_hal_uart.o ABSOLUTE
    ..\\HALLIB\\Src\\stm32l4xx_hal_uart_ex.c 0x00000000   Number         0  stm32l4xx_hal_uart_ex.o ABSOLUTE
    ..\\HALLIB\\Src\\stm32l4xx_hal_usart.c   0x00000000   Number         0  stm32l4xx_hal_usart.o ABSOLUTE
    ..\\HALLIB\\Src\\stm32l4xx_hal_usart_ex.c 0x00000000   Number         0  stm32l4xx_hal_usart_ex.o ABSOLUTE
    ..\\HALLIB\\Src\\stm32l4xx_hal_wwdg.c    0x00000000   Number         0  stm32l4xx_hal_wwdg.o ABSOLUTE
    ..\\HALLIB\\Src\\stm32l4xx_ll_fmc.c      0x00000000   Number         0  stm32l4xx_ll_fmc.o ABSOLUTE
    ..\\HALLIB\\Src\\stm32l4xx_ll_sdmmc.c    0x00000000   Number         0  stm32l4xx_ll_sdmmc.o ABSOLUTE
    ..\\HALLIB\\Src\\stm32l4xx_ll_usb.c      0x00000000   Number         0  stm32l4xx_ll_usb.o ABSOLUTE
    ..\\HALLIB\\Src\\stm32l4xx_ll_utils.c    0x00000000   Number         0  stm32l4xx_ll_utils.o ABSOLUTE
    ..\\osal\\src\\OSAL.c                    0x00000000   Number         0  osal.o ABSOLUTE
    ..\\osal\\src\\OSAL_SimpleBLEPeripheral.c 0x00000000   Number         0  osal_simplebleperipheral.o ABSOLUTE
    ..\\osal\\src\\osal_bufmgr.c             0x00000000   Number         0  osal_bufmgr.o ABSOLUTE
    ..\\osal\\src\\simpleBLEPeripheral.c     0x00000000   Number         0  simplebleperipheral.o ABSOLUTE
    ..\osal\src\OSAL.c                       0x00000000   Number         0  osal.o ABSOLUTE
    ..\osal\src\OSAL_SimpleBLEPeripheral.c   0x00000000   Number         0  osal_simplebleperipheral.o ABSOLUTE
    ..\osal\src\osal_bufmgr.c                0x00000000   Number         0  osal_bufmgr.o ABSOLUTE
    ..\osal\src\simpleBLEPeripheral.c        0x00000000   Number         0  simplebleperipheral.o ABSOLUTE
    dc.s                                     0x00000000   Number         0  dc.o ABSOLUTE
    main.c                                   0x00000000   Number         0  main.o ABSOLUTE
    main.c                                   0x00000000   Number         0  main.o ABSOLUTE
    stm32l4xx_hal_msp.c                      0x00000000   Number         0  stm32l4xx_hal_msp.o ABSOLUTE
    stm32l4xx_hal_msp.c                      0x00000000   Number         0  stm32l4xx_hal_msp.o ABSOLUTE
    stm32l4xx_it.c                           0x00000000   Number         0  stm32l4xx_it.o ABSOLUTE
    stm32l4xx_it.c                           0x00000000   Number         0  stm32l4xx_it.o ABSOLUTE
    system_stm32l4xx.c                       0x00000000   Number         0  system_stm32l4xx.o ABSOLUTE
    system_stm32l4xx.c                       0x00000000   Number         0  system_stm32l4xx.o ABSOLUTE
    RESET                                    0x08000000   Section      396  startup_stm32l431xx.o(RESET)
    !!!main                                  0x0800018c   Section        8  __main.o(!!!main)
    !!!scatter                               0x08000194   Section       52  __scatter.o(!!!scatter)
    !!handler_copy                           0x080001c8   Section       26  __scatter_copy.o(!!handler_copy)
    !!handler_zi                             0x080001e4   Section       28  __scatter_zi.o(!!handler_zi)
    .ARM.Collect$$_printf_percent$$00000000  0x08000200   Section        0  _printf_percent.o(.ARM.Collect$$_printf_percent$$00000000)
    .ARM.Collect$$_printf_percent$$00000009  0x08000200   Section        6  _printf_d.o(.ARM.Collect$$_printf_percent$$00000009)
    .ARM.Collect$$_printf_percent$$00000017  0x08000206   Section        4  _printf_percent_end.o(.ARM.Collect$$_printf_percent$$00000017)
    .ARM.Collect$$libinit$$00000000          0x0800020a   Section        2  libinit.o(.ARM.Collect$$libinit$$00000000)
    .ARM.Collect$$libinit$$00000001          0x0800020c   Section        4  libinit2.o(.ARM.Collect$$libinit$$00000001)
    .ARM.Collect$$libinit$$00000004          0x08000210   Section        0  libinit2.o(.ARM.Collect$$libinit$$00000004)
    .ARM.Collect$$libinit$$00000005          0x08000210   Section        8  libinit2.o(.ARM.Collect$$libinit$$00000005)
    .ARM.Collect$$libinit$$0000000A          0x08000218   Section        0  libinit2.o(.ARM.Collect$$libinit$$0000000A)
    .ARM.Collect$$libinit$$0000000C          0x08000218   Section        0  libinit2.o(.ARM.Collect$$libinit$$0000000C)
    .ARM.Collect$$libinit$$0000000E          0x08000218   Section        0  libinit2.o(.ARM.Collect$$libinit$$0000000E)
    .ARM.Collect$$libinit$$00000011          0x08000218   Section        0  libinit2.o(.ARM.Collect$$libinit$$00000011)
    .ARM.Collect$$libinit$$00000013          0x08000218   Section        0  libinit2.o(.ARM.Collect$$libinit$$00000013)
    .ARM.Collect$$libinit$$00000015          0x08000218   Section        0  libinit2.o(.ARM.Collect$$libinit$$00000015)
    .ARM.Collect$$libinit$$00000017          0x08000218   Section        0  libinit2.o(.ARM.Collect$$libinit$$00000017)
    .ARM.Collect$$libinit$$00000019          0x08000218   Section        0  libinit2.o(.ARM.Collect$$libinit$$00000019)
    .ARM.Collect$$libinit$$0000001B          0x08000218   Section        0  libinit2.o(.ARM.Collect$$libinit$$0000001B)
    .ARM.Collect$$libinit$$0000001D          0x08000218   Section        0  libinit2.o(.ARM.Collect$$libinit$$0000001D)
    .ARM.Collect$$libinit$$0000001F          0x08000218   Section        0  libinit2.o(.ARM.Collect$$libinit$$0000001F)
    .ARM.Collect$$libinit$$00000021          0x08000218   Section        0  libinit2.o(.ARM.Collect$$libinit$$00000021)
    .ARM.Collect$$libinit$$00000023          0x08000218   Section        0  libinit2.o(.ARM.Collect$$libinit$$00000023)
    .ARM.Collect$$libinit$$00000025          0x08000218   Section        0  libinit2.o(.ARM.Collect$$libinit$$00000025)
    .ARM.Collect$$libinit$$0000002C          0x08000218   Section        0  libinit2.o(.ARM.Collect$$libinit$$0000002C)
    .ARM.Collect$$libinit$$0000002E          0x08000218   Section        0  libinit2.o(.ARM.Collect$$libinit$$0000002E)
    .ARM.Collect$$libinit$$00000030          0x08000218   Section        0  libinit2.o(.ARM.Collect$$libinit$$00000030)
    .ARM.Collect$$libinit$$00000032          0x08000218   Section        0  libinit2.o(.ARM.Collect$$libinit$$00000032)
    .ARM.Collect$$libinit$$00000033          0x08000218   Section        2  libinit2.o(.ARM.Collect$$libinit$$00000033)
    .ARM.Collect$$libshutdown$$00000000      0x0800021a   Section        2  libshutdown.o(.ARM.Collect$$libshutdown$$00000000)
    .ARM.Collect$$libshutdown$$00000002      0x0800021c   Section        0  libshutdown2.o(.ARM.Collect$$libshutdown$$00000002)
    .ARM.Collect$$libshutdown$$00000004      0x0800021c   Section        0  libshutdown2.o(.ARM.Collect$$libshutdown$$00000004)
    .ARM.Collect$$libshutdown$$00000007      0x0800021c   Section        0  libshutdown2.o(.ARM.Collect$$libshutdown$$00000007)
    .ARM.Collect$$libshutdown$$0000000A      0x0800021c   Section        0  libshutdown2.o(.ARM.Collect$$libshutdown$$0000000A)
    .ARM.Collect$$libshutdown$$0000000C      0x0800021c   Section        0  libshutdown2.o(.ARM.Collect$$libshutdown$$0000000C)
    .ARM.Collect$$libshutdown$$0000000F      0x0800021c   Section        0  libshutdown2.o(.ARM.Collect$$libshutdown$$0000000F)
    .ARM.Collect$$libshutdown$$00000010      0x0800021c   Section        2  libshutdown2.o(.ARM.Collect$$libshutdown$$00000010)
    .ARM.Collect$$rtentry$$00000000          0x0800021e   Section        0  __rtentry.o(.ARM.Collect$$rtentry$$00000000)
    .ARM.Collect$$rtentry$$00000002          0x0800021e   Section        0  __rtentry2.o(.ARM.Collect$$rtentry$$00000002)
    .ARM.Collect$$rtentry$$00000004          0x0800021e   Section        6  __rtentry4.o(.ARM.Collect$$rtentry$$00000004)
    .ARM.Collect$$rtentry$$00000009          0x08000224   Section        0  __rtentry2.o(.ARM.Collect$$rtentry$$00000009)
    .ARM.Collect$$rtentry$$0000000A          0x08000224   Section        4  __rtentry2.o(.ARM.Collect$$rtentry$$0000000A)
    .ARM.Collect$$rtentry$$0000000C          0x08000228   Section        0  __rtentry2.o(.ARM.Collect$$rtentry$$0000000C)
    .ARM.Collect$$rtentry$$0000000D          0x08000228   Section        8  __rtentry2.o(.ARM.Collect$$rtentry$$0000000D)
    .ARM.Collect$$rtexit$$00000000           0x08000230   Section        2  rtexit.o(.ARM.Collect$$rtexit$$00000000)
    .ARM.Collect$$rtexit$$00000002           0x08000232   Section        0  rtexit2.o(.ARM.Collect$$rtexit$$00000002)
    .ARM.Collect$$rtexit$$00000003           0x08000232   Section        4  rtexit2.o(.ARM.Collect$$rtexit$$00000003)
    .ARM.Collect$$rtexit$$00000004           0x08000236   Section        6  rtexit2.o(.ARM.Collect$$rtexit$$00000004)
    .emb_text                                0x0800023c   Section        0  maybetermalloc1.o(.emb_text)
    .text                                    0x0800023c   Section       64  startup_stm32l431xx.o(.text)
    $v0                                      0x0800023c   Number         0  startup_stm32l431xx.o(.text)
    .text                                    0x0800027c   Section        0  calloc.o(.text)
    .text                                    0x080002a4   Section        0  h1_free.o(.text)
    .text                                    0x080002f2   Section      238  lludivv7m.o(.text)
    .text                                    0x080003e0   Section        0  noretval__2printf.o(.text)
    .text                                    0x080003f8   Section        0  __printf.o(.text)
    .text                                    0x08000460   Section        0  _printf_dec.o(.text)
    .text                                    0x080004d8   Section       22  memset.o(.text)
    .text                                    0x080004ee   Section        0  heapauxi.o(.text)
    .text                                    0x080004f4   Section        8  rt_heap_descriptor_intlibspace.o(.text)
    .text                                    0x080004fc   Section        0  hguard.o(.text)
    .text                                    0x08000500   Section        0  init_alloc.o(.text)
    .text                                    0x0800058a   Section        0  h1_alloc.o(.text)
    .text                                    0x080005e8   Section        0  _printf_intcommon.o(.text)
    .text                                    0x0800069c   Section        0  _printf_char_file.o(.text)
    .text                                    0x080006c0   Section       68  rt_memclr.o(.text)
    .text                                    0x08000704   Section        8  libspace.o(.text)
    .text                                    0x0800070c   Section        0  h1_init.o(.text)
    .text                                    0x0800071a   Section        0  h1_extend.o(.text)
    .text                                    0x08000750   Section        0  _printf_char_common.o(.text)
    _printf_input_char                       0x08000751   Thumb Code    10  _printf_char_common.o(.text)
    .text                                    0x08000780   Section        0  ferror.o(.text)
    .text                                    0x08000788   Section        0  defsig_rtmem_outer.o(.text)
    .text                                    0x08000796   Section       78  rt_memclr_w.o(.text)
    .text                                    0x080007e4   Section       74  sys_stackheap_outer.o(.text)
    .text                                    0x0800082e   Section        0  exit.o(.text)
    .text                                    0x08000840   Section        0  defsig_exit.o(.text)
    .text                                    0x0800084c   Section        0  defsig_rtmem_inner.o(.text)
    .text                                    0x0800089c   Section        2  use_no_semi.o(.text)
    .text                                    0x0800089e   Section        0  indicate_semi.o(.text)
    .text                                    0x0800089e   Section        0  defsig_general.o(.text)
    .text                                    0x080008d0   Section        0  sys_wrch.o(.text)
    i.BusFault_Handler                       0x080008de   Section        0  stm32l4xx_it.o(i.BusFault_Handler)
    i.DebugMon_Handler                       0x080008e2   Section        0  stm32l4xx_it.o(i.DebugMon_Handler)
    i.HAL_GPIO_Init                          0x080008e4   Section        0  stm32l4xx_hal_gpio.o(i.HAL_GPIO_Init)
    i.HAL_GetTick                            0x08000aac   Section        0  stm32l4xx_hal.o(i.HAL_GetTick)
    i.HAL_IncTick                            0x08000ab8   Section        0  stm32l4xx_hal.o(i.HAL_IncTick)
    i.HAL_Init                               0x08000ac8   Section        0  stm32l4xx_hal.o(i.HAL_Init)
    i.HAL_InitTick                           0x08000ae8   Section        0  stm32l4xx_hal_timebase_tim_template.o(i.HAL_InitTick)
    i.HAL_MspInit                            0x08000b7c   Section        0  stm32l4xx_hal_msp.o(i.HAL_MspInit)
    i.HAL_NVIC_EnableIRQ                     0x08000b7e   Section        0  stm32l4xx_hal_cortex.o(i.HAL_NVIC_EnableIRQ)
    i.HAL_NVIC_SetPriority                   0x08000b98   Section        0  stm32l4xx_hal_cortex.o(i.HAL_NVIC_SetPriority)
    i.HAL_NVIC_SetPriorityGrouping           0x08000c1c   Section        0  stm32l4xx_hal_cortex.o(i.HAL_NVIC_SetPriorityGrouping)
    i.HAL_PWREx_GetVoltageRange              0x08000c44   Section        0  stm32l4xx_hal_pwr_ex.o(i.HAL_PWREx_GetVoltageRange)
    i.HAL_RCC_ClockConfig                    0x08000c54   Section        0  stm32l4xx_hal_rcc.o(i.HAL_RCC_ClockConfig)
    i.HAL_RCC_GetClockConfig                 0x08000dcc   Section        0  stm32l4xx_hal_rcc.o(i.HAL_RCC_GetClockConfig)
    i.HAL_RCC_GetHCLKFreq                    0x08000e10   Section        0  stm32l4xx_hal_rcc.o(i.HAL_RCC_GetHCLKFreq)
    i.HAL_RCC_GetPCLK1Freq                   0x08000e1c   Section        0  stm32l4xx_hal_rcc.o(i.HAL_RCC_GetPCLK1Freq)
    i.HAL_RCC_GetPCLK2Freq                   0x08000e40   Section        0  stm32l4xx_hal_rcc.o(i.HAL_RCC_GetPCLK2Freq)
    i.HAL_RCC_GetSysClockFreq                0x08000e64   Section        0  stm32l4xx_hal_rcc.o(i.HAL_RCC_GetSysClockFreq)
    i.HAL_RCC_OscConfig                      0x08000f80   Section        0  stm32l4xx_hal_rcc.o(i.HAL_RCC_OscConfig)
    i.HAL_TIMEx_Break2Callback               0x08001608   Section        0  stm32l4xx_hal_tim_ex.o(i.HAL_TIMEx_Break2Callback)
    i.HAL_TIMEx_BreakCallback                0x0800160a   Section        0  stm32l4xx_hal_tim_ex.o(i.HAL_TIMEx_BreakCallback)
    i.HAL_TIMEx_CommutationCallback          0x0800160c   Section        0  stm32l4xx_hal_tim_ex.o(i.HAL_TIMEx_CommutationCallback)
    i.HAL_TIM_Base_Init                      0x0800160e   Section        0  stm32l4xx_hal_tim.o(i.HAL_TIM_Base_Init)
    i.HAL_TIM_Base_MspInit                   0x08001642   Section        0  stm32l4xx_hal_tim.o(i.HAL_TIM_Base_MspInit)
    i.HAL_TIM_Base_Start_IT                  0x08001644   Section        0  stm32l4xx_hal_tim.o(i.HAL_TIM_Base_Start_IT)
    i.HAL_TIM_IC_CaptureCallback             0x08001688   Section        0  stm32l4xx_hal_tim.o(i.HAL_TIM_IC_CaptureCallback)
    i.HAL_TIM_IRQHandler                     0x0800168a   Section        0  stm32l4xx_hal_tim.o(i.HAL_TIM_IRQHandler)
    i.HAL_TIM_OC_DelayElapsedCallback        0x08001842   Section        0  stm32l4xx_hal_tim.o(i.HAL_TIM_OC_DelayElapsedCallback)
    i.HAL_TIM_PWM_PulseFinishedCallback      0x08001844   Section        0  stm32l4xx_hal_tim.o(i.HAL_TIM_PWM_PulseFinishedCallback)
    i.HAL_TIM_PeriodElapsedCallback          0x08001846   Section        0  stm32l4xx_hal_timebase_tim_template.o(i.HAL_TIM_PeriodElapsedCallback)
    i.HAL_TIM_TriggerCallback                0x08001850   Section        0  stm32l4xx_hal_tim.o(i.HAL_TIM_TriggerCallback)
    i.HAL_UART_Init                          0x08001852   Section        0  stm32l4xx_hal_uart.o(i.HAL_UART_Init)
    i.HAL_UART_MspInit                       0x080018cc   Section        0  usart.o(i.HAL_UART_MspInit)
    i.HardFault_Handler                      0x08001948   Section        0  stm32l4xx_it.o(i.HardFault_Handler)
    i.MemManage_Handler                      0x0800194c   Section        0  stm32l4xx_it.o(i.MemManage_Handler)
    i.NMI_Handler                            0x08001950   Section        0  stm32l4xx_it.o(i.NMI_Handler)
    i.NVIC_GetPriorityGrouping               0x08001954   Section        0  stm32l4xx_hal_cortex.o(i.NVIC_GetPriorityGrouping)
    NVIC_GetPriorityGrouping                 0x08001955   Thumb Code    10  stm32l4xx_hal_cortex.o(i.NVIC_GetPriorityGrouping)
    i.NVIC_SetPriority                       0x08001964   Section        0  stm32l4xx_hal_cortex.o(i.NVIC_SetPriority)
    NVIC_SetPriority                         0x08001965   Thumb Code    32  stm32l4xx_hal_cortex.o(i.NVIC_SetPriority)
    i.PendSV_Handler                         0x0800198c   Section        0  stm32l4xx_it.o(i.PendSV_Handler)
    i.RCC_SetFlashLatencyFromMSIRange        0x08001990   Section        0  stm32l4xx_hal_rcc.o(i.RCC_SetFlashLatencyFromMSIRange)
    RCC_SetFlashLatencyFromMSIRange          0x08001991   Thumb Code   148  stm32l4xx_hal_rcc.o(i.RCC_SetFlashLatencyFromMSIRange)
    i.SVC_Handler                            0x08001a2c   Section        0  stm32l4xx_it.o(i.SVC_Handler)
    i.SimpleBLEPeripheral_Init               0x08001a30   Section        0  simplebleperipheral.o(i.SimpleBLEPeripheral_Init)
    i.SimpleBLEPeripheral_ProcessEvent       0x08001a74   Section        0  simplebleperipheral.o(i.SimpleBLEPeripheral_ProcessEvent)
    i.SysTick_Handler                        0x08001ae0   Section        0  stm32l4xx_it.o(i.SysTick_Handler)
    i.SystemClock_Config                     0x08001ae8   Section        0  main.o(i.SystemClock_Config)
    SystemClock_Config                       0x08001ae9   Thumb Code    92  main.o(i.SystemClock_Config)
    i.SystemInit                             0x08001b44   Section        0  system_stm32l4xx.o(i.SystemInit)
    i.TIM6_DAC_IRQHandler                    0x08001b94   Section        0  stm32l4xx_hal_timebase_tim_template.o(i.TIM6_DAC_IRQHandler)
    i.TIM_Base_SetConfig                     0x08001ba4   Section        0  stm32l4xx_hal_tim.o(i.TIM_Base_SetConfig)
    i.UART_AdvFeatureConfig                  0x08001c18   Section        0  stm32l4xx_hal_uart.o(i.UART_AdvFeatureConfig)
    i.UART_CheckIdleState                    0x08001d10   Section        0  stm32l4xx_hal_uart.o(i.UART_CheckIdleState)
    i.UART_SetConfig                         0x08001d84   Section        0  stm32l4xx_hal_uart.o(i.UART_SetConfig)
    i.UART_WaitOnFlagUntilTimeout            0x08002196   Section        0  stm32l4xx_hal_uart.o(i.UART_WaitOnFlagUntilTimeout)
    i.UsageFault_Handler                     0x08002202   Section        0  stm32l4xx_it.o(i.UsageFault_Handler)
    i._sys_exit                              0x08002206   Section        0  usart.o(i._sys_exit)
    i.fputc                                  0x0800220c   Section        0  usart.o(i.fputc)
    i.main                                   0x0800222c   Section        0  main.o(i.main)
    i.osalInitTasks                          0x08002248   Section        0  osal_simplebleperipheral.o(i.osalInitTasks)
    i.osal_clear_event                       0x08002270   Section        0  osal.o(i.osal_clear_event)
    i.osal_init_system                       0x080022a0   Section        0  osal.o(i.osal_init_system)
    i.osal_mem_alloc                         0x080022b4   Section        0  osal.o(i.osal_mem_alloc)
    i.osal_mem_free                          0x080022c2   Section        0  osal.o(i.osal_mem_free)
    i.osal_memset                            0x080022d4   Section        0  osal.o(i.osal_memset)
    i.osal_msg_allocate                      0x080022e8   Section        0  osal.o(i.osal_msg_allocate)
    i.osal_msg_deallocate                    0x08002314   Section        0  osal.o(i.osal_msg_deallocate)
    i.osal_msg_enqueue                       0x0800233a   Section        0  osal.o(i.osal_msg_enqueue)
    i.osal_msg_enqueue_push                  0x08002364   Section        0  osal.o(i.osal_msg_enqueue_push)
    osal_msg_enqueue_push                    0x08002365   Thumb Code   100  osal.o(i.osal_msg_enqueue_push)
    i.osal_msg_extract                       0x080023d0   Section        0  osal.o(i.osal_msg_extract)
    i.osal_msg_push                          0x080023fc   Section        0  osal.o(i.osal_msg_push)
    i.osal_msg_receive                       0x0800240c   Section        0  osal.o(i.osal_msg_receive)
    i.osal_msg_send                          0x0800246c   Section        0  osal.o(i.osal_msg_send)
    i.osal_run_system                        0x08002480   Section        0  osal.o(i.osal_run_system)
    i.osal_set_event                         0x08002504   Section        0  osal.o(i.osal_set_event)
    i.osal_start_system                      0x08002534   Section        0  osal.o(i.osal_start_system)
    i.simpleBLEPeripheral_ProcessOSALMsg     0x0800253c   Section        0  simplebleperipheral.o(i.simpleBLEPeripheral_ProcessOSALMsg)
    simpleBLEPeripheral_ProcessOSALMsg       0x0800253d   Thumb Code    36  simplebleperipheral.o(i.simpleBLEPeripheral_ProcessOSALMsg)
    i.usart1_init                            0x08002578   Section        0  usart.o(i.usart1_init)
    x$fpl$fpinit                             0x080025a4   Section       10  fpinit.o(x$fpl$fpinit)
    $v0                                      0x080025a4   Number         0  fpinit.o(x$fpl$fpinit)
    .constdata                               0x080025b0   Section       72  system_stm32l4xx.o(.constdata)
    .constdata                               0x080025f8   Section        5  osal_simplebleperipheral.o(.constdata)
    .data                                    0x20000000   Section        4  system_stm32l4xx.o(.data)
    .data                                    0x20000004   Section        4  stm32l4xx_hal.o(.data)
    .data                                    0x20000008   Section        4  usart.o(.data)
    .data                                    0x2000000c   Section        5  osal.o(.data)
    activeTaskID                             0x20000010   Data           1  osal.o(.data)
    .data                                    0x20000014   Section        4  osal_simplebleperipheral.o(.data)
    .data                                    0x20000018   Section        1  simplebleperipheral.o(.data)
    simpleBLEPeripheral_TaskID               0x20000018   Data           1  simplebleperipheral.o(.data)
    .bss                                     0x2000001c   Section       64  stm32l4xx_hal_timebase_tim_template.o(.bss)
    .bss                                     0x2000005c   Section      120  usart.o(.bss)
    UartHandle                               0x2000005c   Data         120  usart.o(.bss)
    .bss                                     0x200000d4   Section       96  libspace.o(.bss)
    HEAP                                     0x20000138   Section      512  startup_stm32l431xx.o(HEAP)
    Heap_Mem                                 0x20000138   Data         512  startup_stm32l431xx.o(HEAP)
    STACK                                    0x20000338   Section     1024  startup_stm32l431xx.o(STACK)
    Stack_Mem                                0x20000338   Data        1024  startup_stm32l431xx.o(STACK)
    __initial_sp                             0x20000738   Data           0  startup_stm32l431xx.o(STACK)

    Global Symbols

    Symbol Name                              Value     Ov Type        Size  Object(Section)

    BuildAttributes$$THM_ISAv4$E$P$D$K$B$S$7EM$VFPi3$EXTD16$VFPS$VFMA$PE$A:L22UL41UL21$X:L11$S22US41US21$IEEE1$IW$USESV6$~STKCKD$USESV7$~SHL$OTIME$ROPI$EBA8$UX$STANDARDLIB$REQ8$PRES8$EABIv2 0x00000000   Number         0  anon$$obj.o ABSOLUTE
    __ARM_use_no_argv                        0x00000000   Number         0  main.o ABSOLUTE
    __ARM_exceptions_init                     - Undefined Weak Reference
    __alloca_initialize                       - Undefined Weak Reference
    __arm_preinit_                            - Undefined Weak Reference
    __cpp_initialize__aeabi_                  - Undefined Weak Reference
    __cxa_finalize                            - Undefined Weak Reference
    __rt_locale                               - Undefined Weak Reference
    __sigvec_lookup                           - Undefined Weak Reference
    __user_heap_extent                        - Undefined Weak Reference
    _atexit_init                              - Undefined Weak Reference
    _call_atexit_fns                          - Undefined Weak Reference
    _clock_init                               - Undefined Weak Reference
    _fp_trap_init                             - Undefined Weak Reference
    _fp_trap_shutdown                         - Undefined Weak Reference
    _get_lc_collate                           - Undefined Weak Reference
    _get_lc_ctype                             - Undefined Weak Reference
    _get_lc_monetary                          - Undefined Weak Reference
    _get_lc_numeric                           - Undefined Weak Reference
    _get_lc_time                              - Undefined Weak Reference
    _getenv_init                              - Undefined Weak Reference
    _handle_redirection                       - Undefined Weak Reference
    _initio                                   - Undefined Weak Reference
    _mutex_acquire                            - Undefined Weak Reference
    _mutex_free                               - Undefined Weak Reference
    _mutex_release                            - Undefined Weak Reference
    _printf_post_padding                      - Undefined Weak Reference
    _printf_pre_padding                       - Undefined Weak Reference
    _printf_truncate_signed                   - Undefined Weak Reference
    _printf_truncate_unsigned                 - Undefined Weak Reference
    _rand_init                                - Undefined Weak Reference
    _signal_finish                            - Undefined Weak Reference
    _signal_init                              - Undefined Weak Reference
    _terminateio                              - Undefined Weak Reference
    __Vectors_Size                           0x0000018c   Number         0  startup_stm32l431xx.o ABSOLUTE
    __Vectors                                0x08000000   Data           4  startup_stm32l431xx.o(RESET)
    __Vectors_End                            0x0800018c   Data           0  startup_stm32l431xx.o(RESET)
    __main                                   0x0800018d   Thumb Code     8  __main.o(!!!main)
    __scatterload                            0x08000195   Thumb Code     0  __scatter.o(!!!scatter)
    __scatterload_rt2                        0x08000195   Thumb Code    44  __scatter.o(!!!scatter)
    __scatterload_rt2_thumb_only             0x08000195   Thumb Code     0  __scatter.o(!!!scatter)
    __scatterload_null                       0x080001a3   Thumb Code     0  __scatter.o(!!!scatter)
    __scatterload_copy                       0x080001c9   Thumb Code    26  __scatter_copy.o(!!handler_copy)
    __scatterload_zeroinit                   0x080001e5   Thumb Code    28  __scatter_zi.o(!!handler_zi)
    _printf_d                                0x08000201   Thumb Code     0  _printf_d.o(.ARM.Collect$$_printf_percent$$00000009)
    _printf_percent                          0x08000201   Thumb Code     0  _printf_percent.o(.ARM.Collect$$_printf_percent$$00000000)
    _printf_percent_end                      0x08000207   Thumb Code     0  _printf_percent_end.o(.ARM.Collect$$_printf_percent$$00000017)
    __rt_lib_init                            0x0800020b   Thumb Code     0  libinit.o(.ARM.Collect$$libinit$$00000000)
    __rt_lib_init_fp_1                       0x0800020d   Thumb Code     0  libinit2.o(.ARM.Collect$$libinit$$00000001)
    __rt_lib_init_heap_2                     0x08000211   Thumb Code     0  libinit2.o(.ARM.Collect$$libinit$$00000005)
    __rt_lib_init_preinit_1                  0x08000211   Thumb Code     0  libinit2.o(.ARM.Collect$$libinit$$00000004)
    __rt_lib_init_alloca_1                   0x08000219   Thumb Code     0  libinit2.o(.ARM.Collect$$libinit$$0000002E)
    __rt_lib_init_argv_1                     0x08000219   Thumb Code     0  libinit2.o(.ARM.Collect$$libinit$$0000002C)
    __rt_lib_init_atexit_1                   0x08000219   Thumb Code     0  libinit2.o(.ARM.Collect$$libinit$$0000001B)
    __rt_lib_init_clock_1                    0x08000219   Thumb Code     0  libinit2.o(.ARM.Collect$$libinit$$00000021)
    __rt_lib_init_cpp_1                      0x08000219   Thumb Code     0  libinit2.o(.ARM.Collect$$libinit$$00000032)
    __rt_lib_init_exceptions_1               0x08000219   Thumb Code     0  libinit2.o(.ARM.Collect$$libinit$$00000030)
    __rt_lib_init_fp_trap_1                  0x08000219   Thumb Code     0  libinit2.o(.ARM.Collect$$libinit$$0000001F)
    __rt_lib_init_getenv_1                   0x08000219   Thumb Code     0  libinit2.o(.ARM.Collect$$libinit$$00000023)
    __rt_lib_init_heap_1                     0x08000219   Thumb Code     0  libinit2.o(.ARM.Collect$$libinit$$0000000A)
    __rt_lib_init_lc_collate_1               0x08000219   Thumb Code     0  libinit2.o(.ARM.Collect$$libinit$$00000011)
    __rt_lib_init_lc_ctype_1                 0x08000219   Thumb Code     0  libinit2.o(.ARM.Collect$$libinit$$00000013)
    __rt_lib_init_lc_monetary_1              0x08000219   Thumb Code     0  libinit2.o(.ARM.Collect$$libinit$$00000015)
    __rt_lib_init_lc_numeric_1               0x08000219   Thumb Code     0  libinit2.o(.ARM.Collect$$libinit$$00000017)
    __rt_lib_init_lc_time_1                  0x08000219   Thumb Code     0  libinit2.o(.ARM.Collect$$libinit$$00000019)
    __rt_lib_init_rand_1                     0x08000219   Thumb Code     0  libinit2.o(.ARM.Collect$$libinit$$0000000E)
    __rt_lib_init_return                     0x08000219   Thumb Code     0  libinit2.o(.ARM.Collect$$libinit$$00000033)
    __rt_lib_init_signal_1                   0x08000219   Thumb Code     0  libinit2.o(.ARM.Collect$$libinit$$0000001D)
    __rt_lib_init_stdio_1                    0x08000219   Thumb Code     0  libinit2.o(.ARM.Collect$$libinit$$00000025)
    __rt_lib_init_user_alloc_1               0x08000219   Thumb Code     0  libinit2.o(.ARM.Collect$$libinit$$0000000C)
    __rt_lib_shutdown                        0x0800021b   Thumb Code     0  libshutdown.o(.ARM.Collect$$libshutdown$$00000000)
    __rt_lib_shutdown_cpp_1                  0x0800021d   Thumb Code     0  libshutdown2.o(.ARM.Collect$$libshutdown$$00000002)
    __rt_lib_shutdown_fp_trap_1              0x0800021d   Thumb Code     0  libshutdown2.o(.ARM.Collect$$libshutdown$$00000007)
    __rt_lib_shutdown_heap_1                 0x0800021d   Thumb Code     0  libshutdown2.o(.ARM.Collect$$libshutdown$$0000000F)
    __rt_lib_shutdown_return                 0x0800021d   Thumb Code     0  libshutdown2.o(.ARM.Collect$$libshutdown$$00000010)
    __rt_lib_shutdown_signal_1               0x0800021d   Thumb Code     0  libshutdown2.o(.ARM.Collect$$libshutdown$$0000000A)
    __rt_lib_shutdown_stdio_1                0x0800021d   Thumb Code     0  libshutdown2.o(.ARM.Collect$$libshutdown$$00000004)
    __rt_lib_shutdown_user_alloc_1           0x0800021d   Thumb Code     0  libshutdown2.o(.ARM.Collect$$libshutdown$$0000000C)
    __rt_entry                               0x0800021f   Thumb Code     0  __rtentry.o(.ARM.Collect$$rtentry$$00000000)
    __rt_entry_presh_1                       0x0800021f   Thumb Code     0  __rtentry2.o(.ARM.Collect$$rtentry$$00000002)
    __rt_entry_sh                            0x0800021f   Thumb Code     0  __rtentry4.o(.ARM.Collect$$rtentry$$00000004)
    __rt_entry_li                            0x08000225   Thumb Code     0  __rtentry2.o(.ARM.Collect$$rtentry$$0000000A)
    __rt_entry_postsh_1                      0x08000225   Thumb Code     0  __rtentry2.o(.ARM.Collect$$rtentry$$00000009)
    __rt_entry_main                          0x08000229   Thumb Code     0  __rtentry2.o(.ARM.Collect$$rtentry$$0000000D)
    __rt_entry_postli_1                      0x08000229   Thumb Code     0  __rtentry2.o(.ARM.Collect$$rtentry$$0000000C)
    __rt_exit                                0x08000231   Thumb Code     0  rtexit.o(.ARM.Collect$$rtexit$$00000000)
    __rt_exit_ls                             0x08000233   Thumb Code     0  rtexit2.o(.ARM.Collect$$rtexit$$00000003)
    __rt_exit_prels_1                        0x08000233   Thumb Code     0  rtexit2.o(.ARM.Collect$$rtexit$$00000002)
    __rt_exit_exit                           0x08000237   Thumb Code     0  rtexit2.o(.ARM.Collect$$rtexit$$00000004)
    Reset_Handler                            0x0800023d   Thumb Code     8  startup_stm32l431xx.o(.text)
    _maybe_terminate_alloc                   0x0800023d   Thumb Code     0  maybetermalloc1.o(.emb_text)
    ADC1_IRQHandler                          0x08000257   Thumb Code     0  startup_stm32l431xx.o(.text)
    CAN1_RX0_IRQHandler                      0x08000257   Thumb Code     0  startup_stm32l431xx.o(.text)
    CAN1_RX1_IRQHandler                      0x08000257   Thumb Code     0  startup_stm32l431xx.o(.text)
    CAN1_SCE_IRQHandler                      0x08000257   Thumb Code     0  startup_stm32l431xx.o(.text)
    CAN1_TX_IRQHandler                       0x08000257   Thumb Code     0  startup_stm32l431xx.o(.text)
    COMP_IRQHandler                          0x08000257   Thumb Code     0  startup_stm32l431xx.o(.text)
    CRS_IRQHandler                           0x08000257   Thumb Code     0  startup_stm32l431xx.o(.text)
    DMA1_Channel1_IRQHandler                 0x08000257   Thumb Code     0  startup_stm32l431xx.o(.text)
    DMA1_Channel2_IRQHandler                 0x08000257   Thumb Code     0  startup_stm32l431xx.o(.text)
    DMA1_Channel3_IRQHandler                 0x08000257   Thumb Code     0  startup_stm32l431xx.o(.text)
    DMA1_Channel4_IRQHandler                 0x08000257   Thumb Code     0  startup_stm32l431xx.o(.text)
    DMA1_Channel5_IRQHandler                 0x08000257   Thumb Code     0  startup_stm32l431xx.o(.text)
    DMA1_Channel6_IRQHandler                 0x08000257   Thumb Code     0  startup_stm32l431xx.o(.text)
    DMA1_Channel7_IRQHandler                 0x08000257   Thumb Code     0  startup_stm32l431xx.o(.text)
    DMA2_Channel1_IRQHandler                 0x08000257   Thumb Code     0  startup_stm32l431xx.o(.text)
    DMA2_Channel2_IRQHandler                 0x08000257   Thumb Code     0  startup_stm32l431xx.o(.text)
    DMA2_Channel3_IRQHandler                 0x08000257   Thumb Code     0  startup_stm32l431xx.o(.text)
    DMA2_Channel4_IRQHandler                 0x08000257   Thumb Code     0  startup_stm32l431xx.o(.text)
    DMA2_Channel5_IRQHandler                 0x08000257   Thumb Code     0  startup_stm32l431xx.o(.text)
    DMA2_Channel6_IRQHandler                 0x08000257   Thumb Code     0  startup_stm32l431xx.o(.text)
    DMA2_Channel7_IRQHandler                 0x08000257   Thumb Code     0  startup_stm32l431xx.o(.text)
    EXTI0_IRQHandler                         0x08000257   Thumb Code     0  startup_stm32l431xx.o(.text)
    EXTI15_10_IRQHandler                     0x08000257   Thumb Code     0  startup_stm32l431xx.o(.text)
    EXTI1_IRQHandler                         0x08000257   Thumb Code     0  startup_stm32l431xx.o(.text)
    EXTI2_IRQHandler                         0x08000257   Thumb Code     0  startup_stm32l431xx.o(.text)
    EXTI3_IRQHandler                         0x08000257   Thumb Code     0  startup_stm32l431xx.o(.text)
    EXTI4_IRQHandler                         0x08000257   Thumb Code     0  startup_stm32l431xx.o(.text)
    EXTI9_5_IRQHandler                       0x08000257   Thumb Code     0  startup_stm32l431xx.o(.text)
    FLASH_IRQHandler                         0x08000257   Thumb Code     0  startup_stm32l431xx.o(.text)
    FPU_IRQHandler                           0x08000257   Thumb Code     0  startup_stm32l431xx.o(.text)
    I2C1_ER_IRQHandler                       0x08000257   Thumb Code     0  startup_stm32l431xx.o(.text)
    I2C1_EV_IRQHandler                       0x08000257   Thumb Code     0  startup_stm32l431xx.o(.text)
    I2C2_ER_IRQHandler                       0x08000257   Thumb Code     0  startup_stm32l431xx.o(.text)
    I2C2_EV_IRQHandler                       0x08000257   Thumb Code     0  startup_stm32l431xx.o(.text)
    I2C3_ER_IRQHandler                       0x08000257   Thumb Code     0  startup_stm32l431xx.o(.text)
    I2C3_EV_IRQHandler                       0x08000257   Thumb Code     0  startup_stm32l431xx.o(.text)
    LPTIM1_IRQHandler                        0x08000257   Thumb Code     0  startup_stm32l431xx.o(.text)
    LPTIM2_IRQHandler                        0x08000257   Thumb Code     0  startup_stm32l431xx.o(.text)
    LPUART1_IRQHandler                       0x08000257   Thumb Code     0  startup_stm32l431xx.o(.text)
    PVD_PVM_IRQHandler                       0x08000257   Thumb Code     0  startup_stm32l431xx.o(.text)
    QUADSPI_IRQHandler                       0x08000257   Thumb Code     0  startup_stm32l431xx.o(.text)
    RCC_IRQHandler                           0x08000257   Thumb Code     0  startup_stm32l431xx.o(.text)
    RNG_IRQHandler                           0x08000257   Thumb Code     0  startup_stm32l431xx.o(.text)
    RTC_Alarm_IRQHandler                     0x08000257   Thumb Code     0  startup_stm32l431xx.o(.text)
    RTC_WKUP_IRQHandler                      0x08000257   Thumb Code     0  startup_stm32l431xx.o(.text)
    SAI1_IRQHandler                          0x08000257   Thumb Code     0  startup_stm32l431xx.o(.text)
    SDMMC1_IRQHandler                        0x08000257   Thumb Code     0  startup_stm32l431xx.o(.text)
    SPI1_IRQHandler                          0x08000257   Thumb Code     0  startup_stm32l431xx.o(.text)
    SPI2_IRQHandler                          0x08000257   Thumb Code     0  startup_stm32l431xx.o(.text)
    SPI3_IRQHandler                          0x08000257   Thumb Code     0  startup_stm32l431xx.o(.text)
    SWPMI1_IRQHandler                        0x08000257   Thumb Code     0  startup_stm32l431xx.o(.text)
    TAMP_STAMP_IRQHandler                    0x08000257   Thumb Code     0  startup_stm32l431xx.o(.text)
    TIM1_BRK_TIM15_IRQHandler                0x08000257   Thumb Code     0  startup_stm32l431xx.o(.text)
    TIM1_CC_IRQHandler                       0x08000257   Thumb Code     0  startup_stm32l431xx.o(.text)
    TIM1_TRG_COM_IRQHandler                  0x08000257   Thumb Code     0  startup_stm32l431xx.o(.text)
    TIM1_UP_TIM16_IRQHandler                 0x08000257   Thumb Code     0  startup_stm32l431xx.o(.text)
    TIM2_IRQHandler                          0x08000257   Thumb Code     0  startup_stm32l431xx.o(.text)
    TIM7_IRQHandler                          0x08000257   Thumb Code     0  startup_stm32l431xx.o(.text)
    TSC_IRQHandler                           0x08000257   Thumb Code     0  startup_stm32l431xx.o(.text)
    USART1_IRQHandler                        0x08000257   Thumb Code     0  startup_stm32l431xx.o(.text)
    USART2_IRQHandler                        0x08000257   Thumb Code     0  startup_stm32l431xx.o(.text)
    USART3_IRQHandler                        0x08000257   Thumb Code     0  startup_stm32l431xx.o(.text)
    WWDG_IRQHandler                          0x08000257   Thumb Code     0  startup_stm32l431xx.o(.text)
    __user_initial_stackheap                 0x08000259   Thumb Code     0  startup_stm32l431xx.o(.text)
    calloc                                   0x0800027d   Thumb Code    40  calloc.o(.text)
    free                                     0x080002a5   Thumb Code    78  h1_free.o(.text)
    __aeabi_uldivmod                         0x080002f3   Thumb Code     0  lludivv7m.o(.text)
    _ll_udiv                                 0x080002f3   Thumb Code   238  lludivv7m.o(.text)
    __2printf                                0x080003e1   Thumb Code    20  noretval__2printf.o(.text)
    __printf                                 0x080003f9   Thumb Code   104  __printf.o(.text)
    _printf_int_dec                          0x08000461   Thumb Code   104  _printf_dec.o(.text)
    memset                                   0x080004d9   Thumb Code    22  memset.o(.text)
    __use_two_region_memory                  0x080004ef   Thumb Code     2  heapauxi.o(.text)
    __rt_heap_escrow                         0x080004f1   Thumb Code     2  heapauxi.o(.text)
    __rt_heap_expand                         0x080004f3   Thumb Code     2  heapauxi.o(.text)
    __rt_heap_descriptor                     0x080004f5   Thumb Code     8  rt_heap_descriptor_intlibspace.o(.text)
    __use_no_heap                            0x080004fd   Thumb Code     2  hguard.o(.text)
    __heap$guard                             0x080004ff   Thumb Code     2  hguard.o(.text)
    _terminate_user_alloc                    0x08000501   Thumb Code     2  init_alloc.o(.text)
    _init_user_alloc                         0x08000503   Thumb Code     2  init_alloc.o(.text)
    __Heap_Full                              0x08000505   Thumb Code    34  init_alloc.o(.text)
    __Heap_Broken                            0x08000527   Thumb Code     6  init_alloc.o(.text)
    _init_alloc                              0x0800052d   Thumb Code    94  init_alloc.o(.text)
    malloc                                   0x0800058b   Thumb Code    94  h1_alloc.o(.text)
    _printf_int_common                       0x080005e9   Thumb Code   178  _printf_intcommon.o(.text)
    _printf_char_file                        0x0800069d   Thumb Code    32  _printf_char_file.o(.text)
    __aeabi_memclr                           0x080006c1   Thumb Code     0  rt_memclr.o(.text)
    __rt_memclr                              0x080006c1   Thumb Code    68  rt_memclr.o(.text)
    _memset                                  0x080006c5   Thumb Code     0  rt_memclr.o(.text)
    __user_libspace                          0x08000705   Thumb Code     8  libspace.o(.text)
    __user_perproc_libspace                  0x08000705   Thumb Code     0  libspace.o(.text)
    __user_perthread_libspace                0x08000705   Thumb Code     0  libspace.o(.text)
    __Heap_Initialize                        0x0800070d   Thumb Code    10  h1_init.o(.text)
    __Heap_DescSize                          0x08000717   Thumb Code     4  h1_init.o(.text)
    __Heap_ProvideMemory                     0x0800071b   Thumb Code    52  h1_extend.o(.text)
    _printf_char_common                      0x0800075b   Thumb Code    32  _printf_char_common.o(.text)
    ferror                                   0x08000781   Thumb Code     8  ferror.o(.text)
    __rt_SIGRTMEM                            0x08000789   Thumb Code    14  defsig_rtmem_outer.o(.text)
    __aeabi_memclr4                          0x08000797   Thumb Code     0  rt_memclr_w.o(.text)
    __aeabi_memclr8                          0x08000797   Thumb Code     0  rt_memclr_w.o(.text)
    __rt_memclr_w                            0x08000797   Thumb Code    78  rt_memclr_w.o(.text)
    _memset_w                                0x0800079b   Thumb Code     0  rt_memclr_w.o(.text)
    __user_setup_stackheap                   0x080007e5   Thumb Code    74  sys_stackheap_outer.o(.text)
    exit                                     0x0800082f   Thumb Code    18  exit.o(.text)
    __sig_exit                               0x08000841   Thumb Code    10  defsig_exit.o(.text)
    __rt_SIGRTMEM_inner                      0x0800084d   Thumb Code    22  defsig_rtmem_inner.o(.text)
    __I$use$semihosting                      0x0800089d   Thumb Code     0  use_no_semi.o(.text)
    __use_no_semihosting_swi                 0x0800089d   Thumb Code     2  use_no_semi.o(.text)
    __default_signal_display                 0x0800089f   Thumb Code    50  defsig_general.o(.text)
    __semihosting_library_function           0x0800089f   Thumb Code     0  indicate_semi.o(.text)
    _ttywrch                                 0x080008d1   Thumb Code    14  sys_wrch.o(.text)
    BusFault_Handler                         0x080008df   Thumb Code     4  stm32l4xx_it.o(i.BusFault_Handler)
    DebugMon_Handler                         0x080008e3   Thumb Code     2  stm32l4xx_it.o(i.DebugMon_Handler)
    HAL_GPIO_Init                            0x080008e5   Thumb Code   428  stm32l4xx_hal_gpio.o(i.HAL_GPIO_Init)
    HAL_GetTick                              0x08000aad   Thumb Code     6  stm32l4xx_hal.o(i.HAL_GetTick)
    HAL_IncTick                              0x08000ab9   Thumb Code    12  stm32l4xx_hal.o(i.HAL_IncTick)
    HAL_Init                                 0x08000ac9   Thumb Code    30  stm32l4xx_hal.o(i.HAL_Init)
    HAL_InitTick                             0x08000ae9   Thumb Code   132  stm32l4xx_hal_timebase_tim_template.o(i.HAL_InitTick)
    HAL_MspInit                              0x08000b7d   Thumb Code     2  stm32l4xx_hal_msp.o(i.HAL_MspInit)
    HAL_NVIC_EnableIRQ                       0x08000b7f   Thumb Code    26  stm32l4xx_hal_cortex.o(i.HAL_NVIC_EnableIRQ)
    HAL_NVIC_SetPriority                     0x08000b99   Thumb Code   124  stm32l4xx_hal_cortex.o(i.HAL_NVIC_SetPriority)
    HAL_NVIC_SetPriorityGrouping             0x08000c1d   Thumb Code    32  stm32l4xx_hal_cortex.o(i.HAL_NVIC_SetPriorityGrouping)
    HAL_PWREx_GetVoltageRange                0x08000c45   Thumb Code    10  stm32l4xx_hal_pwr_ex.o(i.HAL_PWREx_GetVoltageRange)
    HAL_RCC_ClockConfig                      0x08000c55   Thumb Code   358  stm32l4xx_hal_rcc.o(i.HAL_RCC_ClockConfig)
    HAL_RCC_GetClockConfig                   0x08000dcd   Thumb Code    58  stm32l4xx_hal_rcc.o(i.HAL_RCC_GetClockConfig)
    HAL_RCC_GetHCLKFreq                      0x08000e11   Thumb Code     6  stm32l4xx_hal_rcc.o(i.HAL_RCC_GetHCLKFreq)
    HAL_RCC_GetPCLK1Freq                     0x08000e1d   Thumb Code    26  stm32l4xx_hal_rcc.o(i.HAL_RCC_GetPCLK1Freq)
    HAL_RCC_GetPCLK2Freq                     0x08000e41   Thumb Code    26  stm32l4xx_hal_rcc.o(i.HAL_RCC_GetPCLK2Freq)
    HAL_RCC_GetSysClockFreq                  0x08000e65   Thumb Code   266  stm32l4xx_hal_rcc.o(i.HAL_RCC_GetSysClockFreq)
    HAL_RCC_OscConfig                        0x08000f81   Thumb Code  1660  stm32l4xx_hal_rcc.o(i.HAL_RCC_OscConfig)
    HAL_TIMEx_Break2Callback                 0x08001609   Thumb Code     2  stm32l4xx_hal_tim_ex.o(i.HAL_TIMEx_Break2Callback)
    HAL_TIMEx_BreakCallback                  0x0800160b   Thumb Code     2  stm32l4xx_hal_tim_ex.o(i.HAL_TIMEx_BreakCallback)
    HAL_TIMEx_CommutationCallback            0x0800160d   Thumb Code     2  stm32l4xx_hal_tim_ex.o(i.HAL_TIMEx_CommutationCallback)
    HAL_TIM_Base_Init                        0x0800160f   Thumb Code    52  stm32l4xx_hal_tim.o(i.HAL_TIM_Base_Init)
    HAL_TIM_Base_MspInit                     0x08001643   Thumb Code     2  stm32l4xx_hal_tim.o(i.HAL_TIM_Base_MspInit)
    HAL_TIM_Base_Start_IT                    0x08001645   Thumb Code    62  stm32l4xx_hal_tim.o(i.HAL_TIM_Base_Start_IT)
    HAL_TIM_IC_CaptureCallback               0x08001689   Thumb Code     2  stm32l4xx_hal_tim.o(i.HAL_TIM_IC_CaptureCallback)
    HAL_TIM_IRQHandler                       0x0800168b   Thumb Code   440  stm32l4xx_hal_tim.o(i.HAL_TIM_IRQHandler)
    HAL_TIM_OC_DelayElapsedCallback          0x08001843   Thumb Code     2  stm32l4xx_hal_tim.o(i.HAL_TIM_OC_DelayElapsedCallback)
    HAL_TIM_PWM_PulseFinishedCallback        0x08001845   Thumb Code     2  stm32l4xx_hal_tim.o(i.HAL_TIM_PWM_PulseFinishedCallback)
    HAL_TIM_PeriodElapsedCallback            0x08001847   Thumb Code    10  stm32l4xx_hal_timebase_tim_template.o(i.HAL_TIM_PeriodElapsedCallback)
    HAL_TIM_TriggerCallback                  0x08001851   Thumb Code     2  stm32l4xx_hal_tim.o(i.HAL_TIM_TriggerCallback)
    HAL_UART_Init                            0x08001853   Thumb Code   120  stm32l4xx_hal_uart.o(i.HAL_UART_Init)
    HAL_UART_MspInit                         0x080018cd   Thumb Code   112  usart.o(i.HAL_UART_MspInit)
    HardFault_Handler                        0x08001949   Thumb Code     4  stm32l4xx_it.o(i.HardFault_Handler)
    MemManage_Handler                        0x0800194d   Thumb Code     4  stm32l4xx_it.o(i.MemManage_Handler)
    NMI_Handler                              0x08001951   Thumb Code     2  stm32l4xx_it.o(i.NMI_Handler)
    PendSV_Handler                           0x0800198d   Thumb Code     2  stm32l4xx_it.o(i.PendSV_Handler)
    SVC_Handler                              0x08001a2d   Thumb Code     2  stm32l4xx_it.o(i.SVC_Handler)
    SimpleBLEPeripheral_Init                 0x08001a31   Thumb Code    64  simplebleperipheral.o(i.SimpleBLEPeripheral_Init)
    SimpleBLEPeripheral_ProcessEvent         0x08001a75   Thumb Code    64  simplebleperipheral.o(i.SimpleBLEPeripheral_ProcessEvent)
    SysTick_Handler                          0x08001ae1   Thumb Code     8  stm32l4xx_it.o(i.SysTick_Handler)
    SystemInit                               0x08001b45   Thumb Code    68  system_stm32l4xx.o(i.SystemInit)
    TIM6_DAC_IRQHandler                      0x08001b95   Thumb Code    10  stm32l4xx_hal_timebase_tim_template.o(i.TIM6_DAC_IRQHandler)
    TIM_Base_SetConfig                       0x08001ba5   Thumb Code   104  stm32l4xx_hal_tim.o(i.TIM_Base_SetConfig)
    UART_AdvFeatureConfig                    0x08001c19   Thumb Code   248  stm32l4xx_hal_uart.o(i.UART_AdvFeatureConfig)
    UART_CheckIdleState                      0x08001d11   Thumb Code   116  stm32l4xx_hal_uart.o(i.UART_CheckIdleState)
    UART_SetConfig                           0x08001d85   Thumb Code  1000  stm32l4xx_hal_uart.o(i.UART_SetConfig)
    UART_WaitOnFlagUntilTimeout              0x08002197   Thumb Code   108  stm32l4xx_hal_uart.o(i.UART_WaitOnFlagUntilTimeout)
    UsageFault_Handler                       0x08002203   Thumb Code     4  stm32l4xx_it.o(i.UsageFault_Handler)
    _sys_exit                                0x08002207   Thumb Code     4  usart.o(i._sys_exit)
    fputc                                    0x0800220d   Thumb Code    24  usart.o(i.fputc)
    main                                     0x0800222d   Thumb Code    26  main.o(i.main)
    osalInitTasks                            0x08002249   Thumb Code    34  osal_simplebleperipheral.o(i.osalInitTasks)
    osal_clear_event                         0x08002271   Thumb Code    40  osal.o(i.osal_clear_event)
    osal_init_system                         0x080022a1   Thumb Code    16  osal.o(i.osal_init_system)
    osal_mem_alloc                           0x080022b5   Thumb Code    14  osal.o(i.osal_mem_alloc)
    osal_mem_free                            0x080022c3   Thumb Code    18  osal.o(i.osal_mem_free)
    osal_memset                              0x080022d5   Thumb Code    20  osal.o(i.osal_memset)
    osal_msg_allocate                        0x080022e9   Thumb Code    44  osal.o(i.osal_msg_allocate)
    osal_msg_deallocate                      0x08002315   Thumb Code    38  osal.o(i.osal_msg_deallocate)
    osal_msg_enqueue                         0x0800233b   Thumb Code    40  osal.o(i.osal_msg_enqueue)
    osal_msg_extract                         0x080023d1   Thumb Code    44  osal.o(i.osal_msg_extract)
    osal_msg_push                            0x080023fd   Thumb Code    14  osal.o(i.osal_msg_push)
    osal_msg_receive                         0x0800240d   Thumb Code    90  osal.o(i.osal_msg_receive)
    osal_msg_send                            0x0800246d   Thumb Code    18  osal.o(i.osal_msg_send)
    osal_run_system                          0x08002481   Thumb Code   114  osal.o(i.osal_run_system)
    osal_set_event                           0x08002505   Thumb Code    40  osal.o(i.osal_set_event)
    osal_start_system                        0x08002535   Thumb Code     8  osal.o(i.osal_start_system)
    usart1_init                              0x08002579   Thumb Code    36  usart.o(i.usart1_init)
    _fp_init                                 0x080025a5   Thumb Code    10  fpinit.o(x$fpl$fpinit)
    __fplib_config_fpu_vfp                   0x080025ad   Thumb Code     0  fpinit.o(x$fpl$fpinit)
    __fplib_config_pureend_doubles           0x080025ad   Thumb Code     0  fpinit.o(x$fpl$fpinit)
    AHBPrescTable                            0x080025b0   Data          16  system_stm32l4xx.o(.constdata)
    APBPrescTable                            0x080025c0   Data           8  system_stm32l4xx.o(.constdata)
    MSIRangeTable                            0x080025c8   Data          48  system_stm32l4xx.o(.constdata)
    tasksArr                                 0x080025f8   Data           4  osal_simplebleperipheral.o(.constdata)
    tasksCnt                                 0x080025fc   Data           1  osal_simplebleperipheral.o(.constdata)
    Region$$Table$$Base                      0x08002600   Number         0  anon$$obj.o(Region$$Table)
    Region$$Table$$Limit                     0x08002620   Number         0  anon$$obj.o(Region$$Table)
    SystemCoreClock                          0x20000000   Data           4  system_stm32l4xx.o(.data)
    uwTick                                   0x20000004   Data           4  stm32l4xx_hal.o(.data)
    __stdout                                 0x20000008   Data           4  usart.o(.data)
    osal_qHead                               0x2000000c   Data           4  osal.o(.data)
    tasksEvents                              0x20000014   Data           4  osal_simplebleperipheral.o(.data)
    TimHandle                                0x2000001c   Data          64  stm32l4xx_hal_timebase_tim_template.o(.bss)
    __libspace_start                         0x200000d4   Data          96  libspace.o(.bss)
    __temporary_stack_top$libspace           0x20000134   Data           0  libspace.o(.bss)



==============================================================================

Memory Map of the image

  Image Entry point : 0x0800018d

  Load Region LR_IROM1 (Base: 0x08000000, Size: 0x0000263c, Max: 0x00040000, ABSOLUTE)

    Execution Region ER_IROM1 (Base: 0x08000000, Size: 0x00002620, Max: 0x00040000, ABSOLUTE)

    Base Addr    Size         Type   Attr      Idx    E Section Name        Object

    0x08000000   0x0000018c   Data   RO          482    RESET               startup_stm32l431xx.o
    0x0800018c   0x00000008   Code   RO         9330  * !!!main             c_w.l(__main.o)
    0x08000194   0x00000034   Code   RO         9564    !!!scatter          c_w.l(__scatter.o)
    0x080001c8   0x0000001a   Code   RO         9566    !!handler_copy      c_w.l(__scatter_copy.o)
    0x080001e2   0x00000002   PAD
    0x080001e4   0x0000001c   Code   RO         9568    !!handler_zi        c_w.l(__scatter_zi.o)
    0x08000200   0x00000000   Code   RO         9323    .ARM.Collect$$_printf_percent$$00000000  c_w.l(_printf_percent.o)
    0x08000200   0x00000006   Code   RO         9322    .ARM.Collect$$_printf_percent$$00000009  c_w.l(_printf_d.o)
    0x08000206   0x00000004   Code   RO         9370    .ARM.Collect$$_printf_percent$$00000017  c_w.l(_printf_percent_end.o)
    0x0800020a   0x00000002   Code   RO         9496    .ARM.Collect$$libinit$$00000000  c_w.l(libinit.o)
    0x0800020c   0x00000004   Code   RO         9422    .ARM.Collect$$libinit$$00000001  c_w.l(libinit2.o)
    0x08000210   0x00000000   Code   RO         9425    .ARM.Collect$$libinit$$00000004  c_w.l(libinit2.o)
    0x08000210   0x00000008   Code   RO         9426    .ARM.Collect$$libinit$$00000005  c_w.l(libinit2.o)
    0x08000218   0x00000000   Code   RO         9428    .ARM.Collect$$libinit$$0000000A  c_w.l(libinit2.o)
    0x08000218   0x00000000   Code   RO         9430    .ARM.Collect$$libinit$$0000000C  c_w.l(libinit2.o)
    0x08000218   0x00000000   Code   RO         9432    .ARM.Collect$$libinit$$0000000E  c_w.l(libinit2.o)
    0x08000218   0x00000000   Code   RO         9435    .ARM.Collect$$libinit$$00000011  c_w.l(libinit2.o)
    0x08000218   0x00000000   Code   RO         9437    .ARM.Collect$$libinit$$00000013  c_w.l(libinit2.o)
    0x08000218   0x00000000   Code   RO         9439    .ARM.Collect$$libinit$$00000015  c_w.l(libinit2.o)
    0x08000218   0x00000000   Code   RO         9441    .ARM.Collect$$libinit$$00000017  c_w.l(libinit2.o)
    0x08000218   0x00000000   Code   RO         9443    .ARM.Collect$$libinit$$00000019  c_w.l(libinit2.o)
    0x08000218   0x00000000   Code   RO         9445    .ARM.Collect$$libinit$$0000001B  c_w.l(libinit2.o)
    0x08000218   0x00000000   Code   RO         9447    .ARM.Collect$$libinit$$0000001D  c_w.l(libinit2.o)
    0x08000218   0x00000000   Code   RO         9449    .ARM.Collect$$libinit$$0000001F  c_w.l(libinit2.o)
    0x08000218   0x00000000   Code   RO         9451    .ARM.Collect$$libinit$$00000021  c_w.l(libinit2.o)
    0x08000218   0x00000000   Code   RO         9453    .ARM.Collect$$libinit$$00000023  c_w.l(libinit2.o)
    0x08000218   0x00000000   Code   RO         9455    .ARM.Collect$$libinit$$00000025  c_w.l(libinit2.o)
    0x08000218   0x00000000   Code   RO         9459    .ARM.Collect$$libinit$$0000002C  c_w.l(libinit2.o)
    0x08000218   0x00000000   Code   RO         9461    .ARM.Collect$$libinit$$0000002E  c_w.l(libinit2.o)
    0x08000218   0x00000000   Code   RO         9463    .ARM.Collect$$libinit$$00000030  c_w.l(libinit2.o)
    0x08000218   0x00000000   Code   RO         9465    .ARM.Collect$$libinit$$00000032  c_w.l(libinit2.o)
    0x08000218   0x00000002   Code   RO         9466    .ARM.Collect$$libinit$$00000033  c_w.l(libinit2.o)
    0x0800021a   0x00000002   Code   RO         9561    .ARM.Collect$$libshutdown$$00000000  c_w.l(libshutdown.o)
    0x0800021c   0x00000000   Code   RO         9519    .ARM.Collect$$libshutdown$$00000002  c_w.l(libshutdown2.o)
    0x0800021c   0x00000000   Code   RO         9521    .ARM.Collect$$libshutdown$$00000004  c_w.l(libshutdown2.o)
    0x0800021c   0x00000000   Code   RO         9524    .ARM.Collect$$libshutdown$$00000007  c_w.l(libshutdown2.o)
    0x0800021c   0x00000000   Code   RO         9527    .ARM.Collect$$libshutdown$$0000000A  c_w.l(libshutdown2.o)
    0x0800021c   0x00000000   Code   RO         9529    .ARM.Collect$$libshutdown$$0000000C  c_w.l(libshutdown2.o)
    0x0800021c   0x00000000   Code   RO         9532    .ARM.Collect$$libshutdown$$0000000F  c_w.l(libshutdown2.o)
    0x0800021c   0x00000002   Code   RO         9533    .ARM.Collect$$libshutdown$$00000010  c_w.l(libshutdown2.o)
    0x0800021e   0x00000000   Code   RO         9334    .ARM.Collect$$rtentry$$00000000  c_w.l(__rtentry.o)
    0x0800021e   0x00000000   Code   RO         9379    .ARM.Collect$$rtentry$$00000002  c_w.l(__rtentry2.o)
    0x0800021e   0x00000006   Code   RO         9391    .ARM.Collect$$rtentry$$00000004  c_w.l(__rtentry4.o)
    0x08000224   0x00000000   Code   RO         9381    .ARM.Collect$$rtentry$$00000009  c_w.l(__rtentry2.o)
    0x08000224   0x00000004   Code   RO         9382    .ARM.Collect$$rtentry$$0000000A  c_w.l(__rtentry2.o)
    0x08000228   0x00000000   Code   RO         9384    .ARM.Collect$$rtentry$$0000000C  c_w.l(__rtentry2.o)
    0x08000228   0x00000008   Code   RO         9385    .ARM.Collect$$rtentry$$0000000D  c_w.l(__rtentry2.o)
    0x08000230   0x00000002   Code   RO         9502    .ARM.Collect$$rtexit$$00000000  c_w.l(rtexit.o)
    0x08000232   0x00000000   Code   RO         9537    .ARM.Collect$$rtexit$$00000002  c_w.l(rtexit2.o)
    0x08000232   0x00000004   Code   RO         9538    .ARM.Collect$$rtexit$$00000003  c_w.l(rtexit2.o)
    0x08000236   0x00000006   Code   RO         9539    .ARM.Collect$$rtexit$$00000004  c_w.l(rtexit2.o)
    0x0800023c   0x00000000   Code   RO         9395    .emb_text           c_w.l(maybetermalloc1.o)
    0x0800023c   0x00000040   Code   RO          483    .text               startup_stm32l431xx.o
    0x0800027c   0x00000028   Code   RO         9236    .text               c_w.l(calloc.o)
    0x080002a4   0x0000004e   Code   RO         9238    .text               c_w.l(h1_free.o)
    0x080002f2   0x000000ee   Code   RO         9292    .text               c_w.l(lludivv7m.o)
    0x080003e0   0x00000018   Code   RO         9296    .text               c_w.l(noretval__2printf.o)
    0x080003f8   0x00000068   Code   RO         9298    .text               c_w.l(__printf.o)
    0x08000460   0x00000078   Code   RO         9300    .text               c_w.l(_printf_dec.o)
    0x080004d8   0x00000016   Code   RO         9326    .text               c_w.l(memset.o)
    0x080004ee   0x00000006   Code   RO         9328    .text               c_w.l(heapauxi.o)
    0x080004f4   0x00000008   Code   RO         9342    .text               c_w.l(rt_heap_descriptor_intlibspace.o)
    0x080004fc   0x00000004   Code   RO         9344    .text               c_w.l(hguard.o)
    0x08000500   0x0000008a   Code   RO         9346    .text               c_w.l(init_alloc.o)
    0x0800058a   0x0000005e   Code   RO         9352    .text               c_w.l(h1_alloc.o)
    0x080005e8   0x000000b2   Code   RO         9366    .text               c_w.l(_printf_intcommon.o)
    0x0800069a   0x00000002   PAD
    0x0800069c   0x00000024   Code   RO         9368    .text               c_w.l(_printf_char_file.o)
    0x080006c0   0x00000044   Code   RO         9373    .text               c_w.l(rt_memclr.o)
    0x08000704   0x00000008   Code   RO         9375    .text               c_w.l(libspace.o)
    0x0800070c   0x0000000e   Code   RO         9397    .text               c_w.l(h1_init.o)
    0x0800071a   0x00000034   Code   RO         9399    .text               c_w.l(h1_extend.o)
    0x0800074e   0x00000002   PAD
    0x08000750   0x00000030   Code   RO         9405    .text               c_w.l(_printf_char_common.o)
    0x08000780   0x00000008   Code   RO         9407    .text               c_w.l(ferror.o)
    0x08000788   0x0000000e   Code   RO         9411    .text               c_w.l(defsig_rtmem_outer.o)
    0x08000796   0x0000004e   Code   RO         9415    .text               c_w.l(rt_memclr_w.o)
    0x080007e4   0x0000004a   Code   RO         9469    .text               c_w.l(sys_stackheap_outer.o)
    0x0800082e   0x00000012   Code   RO         9479    .text               c_w.l(exit.o)
    0x08000840   0x0000000a   Code   RO         9481    .text               c_w.l(defsig_exit.o)
    0x0800084a   0x00000002   PAD
    0x0800084c   0x00000050   Code   RO         9487    .text               c_w.l(defsig_rtmem_inner.o)
    0x0800089c   0x00000002   Code   RO         9499    .text               c_w.l(use_no_semi.o)
    0x0800089e   0x00000000   Code   RO         9501    .text               c_w.l(indicate_semi.o)
    0x0800089e   0x00000032   Code   RO         9510    .text               c_w.l(defsig_general.o)
    0x080008d0   0x0000000e   Code   RO         9534    .text               c_w.l(sys_wrch.o)
    0x080008de   0x00000004   Code   RO          283    i.BusFault_Handler  stm32l4xx_it.o
    0x080008e2   0x00000002   Code   RO          284    i.DebugMon_Handler  stm32l4xx_it.o
    0x080008e4   0x000001c8   Code   RO         2554    i.HAL_GPIO_Init     stm32l4xx_hal_gpio.o
    0x08000aac   0x0000000c   Code   RO          501    i.HAL_GetTick       stm32l4xx_hal.o
    0x08000ab8   0x00000010   Code   RO          505    i.HAL_IncTick       stm32l4xx_hal.o
    0x08000ac8   0x0000001e   Code   RO          506    i.HAL_Init          stm32l4xx_hal.o
    0x08000ae6   0x00000002   PAD
    0x08000ae8   0x00000094   Code   RO         7661    i.HAL_InitTick      stm32l4xx_hal_timebase_tim_template.o
    0x08000b7c   0x00000002   Code   RO          254    i.HAL_MspInit       stm32l4xx_hal_msp.o
    0x08000b7e   0x0000001a   Code   RO         1510    i.HAL_NVIC_EnableIRQ  stm32l4xx_hal_cortex.o
    0x08000b98   0x00000082   Code   RO         1516    i.HAL_NVIC_SetPriority  stm32l4xx_hal_cortex.o
    0x08000c1a   0x00000002   PAD
    0x08000c1c   0x00000028   Code   RO         1517    i.HAL_NVIC_SetPriorityGrouping  stm32l4xx_hal_cortex.o
    0x08000c44   0x00000010   Code   RO         4142    i.HAL_PWREx_GetVoltageRange  stm32l4xx_hal_pwr_ex.o
    0x08000c54   0x00000178   Code   RO         4567    i.HAL_RCC_ClockConfig  stm32l4xx_hal_rcc.o
    0x08000dcc   0x00000044   Code   RO         4570    i.HAL_RCC_GetClockConfig  stm32l4xx_hal_rcc.o
    0x08000e10   0x0000000c   Code   RO         4571    i.HAL_RCC_GetHCLKFreq  stm32l4xx_hal_rcc.o
    0x08000e1c   0x00000024   Code   RO         4573    i.HAL_RCC_GetPCLK1Freq  stm32l4xx_hal_rcc.o
    0x08000e40   0x00000024   Code   RO         4574    i.HAL_RCC_GetPCLK2Freq  stm32l4xx_hal_rcc.o
    0x08000e64   0x0000011c   Code   RO         4575    i.HAL_RCC_GetSysClockFreq  stm32l4xx_hal_rcc.o
    0x08000f80   0x00000688   Code   RO         4578    i.HAL_RCC_OscConfig  stm32l4xx_hal_rcc.o
    0x08001608   0x00000002   Code   RO         7404    i.HAL_TIMEx_Break2Callback  stm32l4xx_hal_tim_ex.o
    0x0800160a   0x00000002   Code   RO         7405    i.HAL_TIMEx_BreakCallback  stm32l4xx_hal_tim_ex.o
    0x0800160c   0x00000002   Code   RO         7406    i.HAL_TIMEx_CommutationCallback  stm32l4xx_hal_tim_ex.o
    0x0800160e   0x00000034   Code   RO         6754    i.HAL_TIM_Base_Init  stm32l4xx_hal_tim.o
    0x08001642   0x00000002   Code   RO         6756    i.HAL_TIM_Base_MspInit  stm32l4xx_hal_tim.o
    0x08001644   0x00000044   Code   RO         6759    i.HAL_TIM_Base_Start_IT  stm32l4xx_hal_tim.o
    0x08001688   0x00000002   Code   RO         6783    i.HAL_TIM_IC_CaptureCallback  stm32l4xx_hal_tim.o
    0x0800168a   0x000001b8   Code   RO         6796    i.HAL_TIM_IRQHandler  stm32l4xx_hal_tim.o
    0x08001842   0x00000002   Code   RO         6799    i.HAL_TIM_OC_DelayElapsedCallback  stm32l4xx_hal_tim.o
    0x08001844   0x00000002   Code   RO         6826    i.HAL_TIM_PWM_PulseFinishedCallback  stm32l4xx_hal_tim.o
    0x08001846   0x0000000a   Code   RO         7664    i.HAL_TIM_PeriodElapsedCallback  stm32l4xx_hal_timebase_tim_template.o
    0x08001850   0x00000002   Code   RO         6837    i.HAL_TIM_TriggerCallback  stm32l4xx_hal_tim.o
    0x08001852   0x00000078   Code   RO         7863    i.HAL_UART_Init     stm32l4xx_hal_uart.o
    0x080018ca   0x00000002   PAD
    0x080018cc   0x0000007c   Code   RO         8839    i.HAL_UART_MspInit  usart.o
    0x08001948   0x00000004   Code   RO          285    i.HardFault_Handler  stm32l4xx_it.o
    0x0800194c   0x00000004   Code   RO          286    i.MemManage_Handler  stm32l4xx_it.o
    0x08001950   0x00000002   Code   RO          287    i.NMI_Handler       stm32l4xx_it.o
    0x08001952   0x00000002   PAD
    0x08001954   0x00000010   Code   RO         1523    i.NVIC_GetPriorityGrouping  stm32l4xx_hal_cortex.o
    0x08001964   0x00000028   Code   RO         1524    i.NVIC_SetPriority  stm32l4xx_hal_cortex.o
    0x0800198c   0x00000002   Code   RO          288    i.PendSV_Handler    stm32l4xx_it.o
    0x0800198e   0x00000002   PAD
    0x08001990   0x0000009c   Code   RO         4579    i.RCC_SetFlashLatencyFromMSIRange  stm32l4xx_hal_rcc.o
    0x08001a2c   0x00000002   Code   RO          289    i.SVC_Handler       stm32l4xx_it.o
    0x08001a2e   0x00000002   PAD
    0x08001a30   0x00000044   Code   RO         9198    i.SimpleBLEPeripheral_Init  simplebleperipheral.o
    0x08001a74   0x0000006c   Code   RO         9199    i.SimpleBLEPeripheral_ProcessEvent  simplebleperipheral.o
    0x08001ae0   0x00000008   Code   RO          290    i.SysTick_Handler   stm32l4xx_it.o
    0x08001ae8   0x0000005c   Code   RO            4    i.SystemClock_Config  main.o
    0x08001b44   0x00000050   Code   RO          359    i.SystemInit        system_stm32l4xx.o
    0x08001b94   0x00000010   Code   RO         7665    i.TIM6_DAC_IRQHandler  stm32l4xx_hal_timebase_tim_template.o
    0x08001ba4   0x00000074   Code   RO         6838    i.TIM_Base_SetConfig  stm32l4xx_hal_tim.o
    0x08001c18   0x000000f8   Code   RO         7876    i.UART_AdvFeatureConfig  stm32l4xx_hal_uart.o
    0x08001d10   0x00000074   Code   RO         7877    i.UART_CheckIdleState  stm32l4xx_hal_uart.o
    0x08001d84   0x00000412   Code   RO         7893    i.UART_SetConfig    stm32l4xx_hal_uart.o
    0x08002196   0x0000006c   Code   RO         7896    i.UART_WaitOnFlagUntilTimeout  stm32l4xx_hal_uart.o
    0x08002202   0x00000004   Code   RO          291    i.UsageFault_Handler  stm32l4xx_it.o
    0x08002206   0x00000004   Code   RO         8840    i._sys_exit         usart.o
    0x0800220a   0x00000002   PAD
    0x0800220c   0x00000020   Code   RO         8841    i.fputc             usart.o
    0x0800222c   0x0000001a   Code   RO            5    i.main              main.o
    0x08002246   0x00000002   PAD
    0x08002248   0x00000028   Code   RO         9164    i.osalInitTasks     osal_simplebleperipheral.o
    0x08002270   0x00000030   Code   RO         8892    i.osal_clear_event  osal.o
    0x080022a0   0x00000014   Code   RO         8893    i.osal_init_system  osal.o
    0x080022b4   0x0000000e   Code   RO         8898    i.osal_mem_alloc    osal.o
    0x080022c2   0x00000012   Code   RO         8899    i.osal_mem_free     osal.o
    0x080022d4   0x00000014   Code   RO         8903    i.osal_memset       osal.o
    0x080022e8   0x0000002c   Code   RO         8904    i.osal_msg_allocate  osal.o
    0x08002314   0x00000026   Code   RO         8905    i.osal_msg_deallocate  osal.o
    0x0800233a   0x00000028   Code   RO         8907    i.osal_msg_enqueue  osal.o
    0x08002362   0x00000002   PAD
    0x08002364   0x0000006c   Code   RO         8909    i.osal_msg_enqueue_push  osal.o
    0x080023d0   0x0000002c   Code   RO         8910    i.osal_msg_extract  osal.o
    0x080023fc   0x0000000e   Code   RO         8912    i.osal_msg_push     osal.o
    0x0800240a   0x00000002   PAD
    0x0800240c   0x00000060   Code   RO         8914    i.osal_msg_receive  osal.o
    0x0800246c   0x00000012   Code   RO         8915    i.osal_msg_send     osal.o
    0x0800247e   0x00000002   PAD
    0x08002480   0x00000084   Code   RO         8917    i.osal_run_system   osal.o
    0x08002504   0x00000030   Code   RO         8919    i.osal_set_event    osal.o
    0x08002534   0x00000008   Code   RO         8920    i.osal_start_system  osal.o
    0x0800253c   0x0000003c   Code   RO         9200    i.simpleBLEPeripheral_ProcessOSALMsg  simplebleperipheral.o
    0x08002578   0x0000002c   Code   RO         8842    i.usart1_init       usart.o
    0x080025a4   0x0000000a   Code   RO         9497    x$fpl$fpinit        fz_wm.l(fpinit.o)
    0x080025ae   0x00000002   PAD
    0x080025b0   0x00000048   Data   RO          360    .constdata          system_stm32l4xx.o
    0x080025f8   0x00000005   Data   RO         9165    .constdata          osal_simplebleperipheral.o
    0x080025fd   0x00000003   PAD
    0x08002600   0x00000020   Data   RO         9562    Region$$Table       anon$$obj.o


    Execution Region RW_IRAM1 (Base: 0x20000000, Size: 0x00000738, Max: 0x0000c000, ABSOLUTE)

    Base Addr    Size         Type   Attr      Idx    E Section Name        Object

    0x20000000   0x00000004   Data   RW          361    .data               system_stm32l4xx.o
    0x20000004   0x00000004   Data   RW          522    .data               stm32l4xx_hal.o
    0x20000008   0x00000004   Data   RW         8844    .data               usart.o
    0x2000000c   0x00000005   Data   RW         8922    .data               osal.o
    0x20000011   0x00000003   PAD
    0x20000014   0x00000004   Data   RW         9166    .data               osal_simplebleperipheral.o
    0x20000018   0x00000001   Data   RW         9201    .data               simplebleperipheral.o
    0x20000019   0x00000003   PAD
    0x2000001c   0x00000040   Zero   RW         7666    .bss                stm32l4xx_hal_timebase_tim_template.o
    0x2000005c   0x00000078   Zero   RW         8843    .bss                usart.o
    0x200000d4   0x00000060   Zero   RW         9376    .bss                c_w.l(libspace.o)
    0x20000134   0x00000004   PAD
    0x20000138   0x00000200   Zero   RW          481    HEAP                startup_stm32l431xx.o
    0x20000338   0x00000400   Zero   RW          480    STACK               startup_stm32l431xx.o


==============================================================================

Image component sizes


      Code (inc. data)   RO Data    RW Data    ZI Data      Debug   Object Name

       118          0          0          0          0     654147   main.o
       710         52          0          5          0       9872   osal.o
        40          6          5          4          0       1472   osal_simplebleperipheral.o
       236         72          0          1          0       2506   simplebleperipheral.o
        64         26        396          0       1536        804   startup_stm32l431xx.o
        58         10          0          4          0       2540   stm32l4xx_hal.o
       252         22          0          0          0      29694   stm32l4xx_hal_cortex.o
       456         28          0          0          0       1476   stm32l4xx_hal_gpio.o
         2          0          0          0          0        418   stm32l4xx_hal_msp.o
        16          6          0          0          0        512   stm32l4xx_hal_pwr_ex.o
      2640        108          0          0          0       7341   stm32l4xx_hal_rcc.o
       686         18          0          0          0       5610   stm32l4xx_hal_tim.o
         6          0          0          0          0       1865   stm32l4xx_hal_tim_ex.o
       174         22          0          0         64       2597   stm32l4xx_hal_timebase_tim_template.o
      1634         36          0          0          0       4513   stm32l4xx_hal_uart.o
        32          0          0          0          0       3790   stm32l4xx_it.o
        80         12         72          4          0       1065   system_stm32l4xx.o
       204         28          0          4        120       3791   usart.o

    ----------------------------------------------------------------------
      7430        446        508         28       1720     734013   Object Totals
         0          0         32          0          0          0   (incl. Generated)
        22          0          3          6          0          0   (incl. Padding)

    ----------------------------------------------------------------------

      Code (inc. data)   RO Data    RW Data    ZI Data      Debug   Library Member Name

         8          0          0          0          0         68   __main.o
       104          0          0          0          0         84   __printf.o
         0          0          0          0          0          0   __rtentry.o
        12          0          0          0          0          0   __rtentry2.o
         6          0          0          0          0          0   __rtentry4.o
        52          8          0          0          0          0   __scatter.o
        26          0          0          0          0          0   __scatter_copy.o
        28          0          0          0          0          0   __scatter_zi.o
        48          6          0          0          0         96   _printf_char_common.o
        36          4          0          0          0         80   _printf_char_file.o
         6          0          0          0          0          0   _printf_d.o
       120         16          0          0          0         92   _printf_dec.o
       178          0          0          0          0         88   _printf_intcommon.o
         0          0          0          0          0          0   _printf_percent.o
         4          0          0          0          0          0   _printf_percent_end.o
        40          0          0          0          0         80   calloc.o
        10          0          0          0          0         68   defsig_exit.o
        50          0          0          0          0         88   defsig_general.o
        80         58          0          0          0         76   defsig_rtmem_inner.o
        14          0          0          0          0         80   defsig_rtmem_outer.o
        18          0          0          0          0         80   exit.o
         8          0          0          0          0         68   ferror.o
        94          0          0          0          0         80   h1_alloc.o
        52          0          0          0          0         68   h1_extend.o
        78          0          0          0          0         80   h1_free.o
        14          0          0          0          0         84   h1_init.o
         6          0          0          0          0        152   heapauxi.o
         4          0          0          0          0        136   hguard.o
         0          0          0          0          0          0   indicate_semi.o
       138          0          0          0          0        168   init_alloc.o
         2          0          0          0          0          0   libinit.o
        14          0          0          0          0          0   libinit2.o
         2          0          0          0          0          0   libshutdown.o
         2          0          0          0          0          0   libshutdown2.o
         8          4          0          0         96         68   libspace.o
       238          0          0          0          0        100   lludivv7m.o
         0          0          0          0          0          0   maybetermalloc1.o
        22          0          0          0          0         76   memset.o
        24          4          0          0          0         84   noretval__2printf.o
         8          4          0          0          0         68   rt_heap_descriptor_intlibspace.o
        68          0          0          0          0         68   rt_memclr.o
        78          0          0          0          0         80   rt_memclr_w.o
         2          0          0          0          0          0   rtexit.o
        10          0          0          0          0          0   rtexit2.o
        74          0          0          0          0         80   sys_stackheap_outer.o
        14          0          0          0          0         76   sys_wrch.o
         2          0          0          0          0         68   use_no_semi.o
        10          0          0          0          0        116   fpinit.o

    ----------------------------------------------------------------------
      1822        104          0          0        100       2700   Library Totals
        10          0          0          0          4          0   (incl. Padding)

    ----------------------------------------------------------------------

      Code (inc. data)   RO Data    RW Data    ZI Data      Debug   Library Name

      1802        104          0          0         96       2584   c_w.l
        10          0          0          0          0        116   fz_wm.l

    ----------------------------------------------------------------------
      1822        104          0          0        100       2700   Library Totals

    ----------------------------------------------------------------------

==============================================================================


      Code (inc. data)   RO Data    RW Data    ZI Data      Debug   

      9252        550        508         28       1820     728409   Grand Totals
      9252        550        508         28       1820     728409   ELF Image Totals
      9252        550        508         28          0          0   ROM Totals

==============================================================================

    Total RO  Size (Code + RO Data)                 9760 (   9.53kB)
    Total RW  Size (RW Data + ZI Data)              1848 (   1.80kB)
    Total ROM Size (Code + RO Data + RW Data)       9788 (   9.56kB)

==============================================================================

